[CAM08] Vehicle ID: cam08_s0_t42 (truck)
Track duration: 5.4 s  frames 29-165
Plate candidates: 17  best frame: 96  plate size: 42x19  quality: 0.574
OCR (per candidate, first 40):
  f   88 33x12 q=0.57 det=0.51 -> - 0.00
  f   89 33x12 q=0.57 det=0.48 -> - 0.00
  f   90 34x13 q=0.58 det=0.33 -> KL20C4925 0.56
  f   91 35x12 q=0.58 det=0.48 -> - 0.00
  f   94 34x12 q=0.57 det=0.51 -> - 0.00
  f   95 34x12 q=0.57 det=0.52 -> - 0.00
  f   96 34x13 q=0.57 det=0.54 -> - 0.00
  f   97 35x13 q=0.58 det=0.38 -> - 0.00
  f  106 34x12 q=0.57 det=0.42 -> - 0.00
  f  107 33x12 q=0.56 det=0.41 -> - 0.00
  f  108 34x12 q=0.57 det=0.44 -> - 0.00
  f  109 34x12 q=0.57 det=0.26 -> - 0.00
  f  110 34x12 q=0.57 det=0.50 -> - 0.00
  f  112 34x12 q=0.57 det=0.35 -> - 0.00
  f  115 34x12 q=0.57 det=0.48 -> - 0.00
  f  116 34x12 q=0.57 det=0.42 -> - 0.00
  f  117 34x12 q=0.57 det=0.40 -> - 0.00
FINAL: -  status UNREADABLE  confidence 0.0  static_overlay_text  emitted: no

[CAM08] Vehicle ID: cam08_s0_t74 (car)
Track duration: 3.7 s  frames 73-165
Plate candidates: 4  best frame: 135  plate size: 42x16  quality: 0.566
OCR (per candidate, first 40):
  f  116 43x15 q=0.60 det=0.21 -> - 0.00
  f  133 35x11 q=0.56 det=0.42 -> - 0.00
  f  134 34x10 q=0.56 det=0.35 -> - 0.00
  f  135 34x10 q=0.57 det=0.46 -> - 0.00
FINAL: GJ137171  status CANDIDATE  confidence 0.0  readers_disagree  emitted: no

[CAM08] Vehicle ID: cam08_s0_t19 (car)
Track duration: 6.0 s  frames 20-170
Plate candidates: 11  best frame: 48  plate size: 53x21  quality: 0.607
OCR (per candidate, first 40):
  f   48 42x14 q=0.61 det=0.24 -> - 0.00
  f   56 38x12 q=0.57 det=0.25 -> - 0.00
  f   57 37x12 q=0.56 det=0.27 -> - 0.00
  f   59 37x12 q=0.57 det=0.25 -> - 0.00
  f   60 36x11 q=0.56 det=0.22 -> - 0.00
  f   65 34x11 q=0.55 det=0.25 -> - 0.00
  f   67 33x9 q=0.55 det=0.32 -> - 0.00
  f   68 33x10 q=0.54 det=0.30 -> - 0.00
  f   71 31x9 q=0.53 det=0.21 -> - 0.00
  f   72 30x8 q=0.52 det=0.25 -> - 0.00
  f   73 30x8 q=0.51 det=0.22 -> - 0.00
FINAL: GJ05H1217  status CANDIDATE  confidence 0.0  readers_disagree  emitted: no

[CAM08] Vehicle ID: cam08_s0_t1 (truck)
Track duration: 7.1 s  frames 0-177
Plate candidates: 15  best frame: 87  plate size: 42x20  quality: 0.576
OCR (per candidate, first 40):
  f   77 33x14 q=0.57 det=0.22 -> - 0.00
  f   79 34x14 q=0.58 det=0.30 -> - 0.00
  f   82 33x15 q=0.57 det=0.22 -> - 0.00
  f   83 34x14 q=0.58 det=0.50 -> - 0.00
  f   84 34x14 q=0.58 det=0.41 -> - 0.00
  f   85 34x14 q=0.58 det=0.43 -> - 0.00
  f   86 36x15 q=0.60 det=0.30 -> - 0.00
  f   87 33x14 q=0.58 det=0.57 -> - 0.00
  f   92 34x14 q=0.58 det=0.42 -> - 0.00
  f   93 33x14 q=0.58 det=0.56 -> - 0.00
  f   99 34x14 q=0.58 det=0.22 -> - 0.00
  f  100 34x13 q=0.57 det=0.46 -> - 0.00
  f  101 34x12 q=0.57 det=0.26 -> - 0.00
  f  103 35x14 q=0.58 det=0.21 -> - 0.00
  f  104 35x13 q=0.58 det=0.23 -> - 0.00
FINAL: -  status UNREADABLE  confidence 0.0  static_overlay_text  emitted: no

[CAM08] Vehicle ID: cam08_s0_t136 (bus)
Track duration: 6.8 s  frames 175-345
Plate candidates: 6  best frame: 219  plate size: 230x72  quality: 0.964
OCR (per candidate, first 40):
  f  217 194x49 q=0.97 det=0.33 -> KA11C0004 0.57
  f  219 185x48 q=0.96 det=0.45 -> KA43C0296 0.62
  f  220 185x48 q=0.96 det=0.30 -> KA42CC4045 0.51
  f  222 176x45 q=0.96 det=0.26 -> KA125515 0.53
  f  224 169x43 q=0.96 det=0.23 -> KL20C4925 0.56
  f  272 81x39 q=0.87 det=0.20 -> - 0.00
FINAL: KA232245  status CANDIDATE  confidence 0.0  low_confidence  emitted: no

[CAM08] Vehicle ID: cam08_s0_t158 (car)
Track duration: 4.2 s  frames 295-400
Plate candidates: 15  best frame: 326  plate size: 85x45  quality: 0.774
OCR (per candidate, first 40):
  f  306 89x45 q=0.81 det=0.31 -> - 0.00
  f  308 77x44 q=0.77 det=0.26 -> - 0.00
  f  309 80x43 q=0.77 det=0.41 -> - 0.00
  f  310 81x52 q=0.78 det=0.25 -> - 0.00
  f  311 80x42 q=0.77 det=0.35 -> - 0.00
  f  312 81x47 q=0.77 det=0.26 -> - 0.00
  f  319 74x39 q=0.76 det=0.29 -> - 0.00
  f  320 68x33 q=0.76 det=0.39 -> - 0.00
  f  321 66x35 q=0.76 det=0.37 -> - 0.00
  f  325 68x41 q=0.77 det=0.27 -> - 0.00
  f  326 68x30 q=0.77 det=0.46 -> - 0.00
  f  327 62x37 q=0.72 det=0.20 -> - 0.00
  f  328 64x30 q=0.73 det=0.48 -> - 0.00
  f  329 65x30 q=0.74 det=0.35 -> - 0.00
  f  331 59x31 q=0.70 det=0.23 -> - 0.00
FINAL: MA444660  status CANDIDATE  confidence 0.0  readers_disagree  emitted: no

[CAM08] Vehicle ID: cam08_s0_t301 (car)
Track duration: 7.4 s  frames 615-800
Plate candidates: 5  best frame: 626  plate size: 232x96  quality: 0.936
OCR (per candidate, first 40):
  f  621 223x71 q=0.90 det=0.22 -> - 0.00
  f  622 220x76 q=0.91 det=0.31 -> - 0.00
  f  623 206x73 q=0.91 det=0.24 -> - 0.00
  f  624 202x74 q=0.91 det=0.31 -> - 0.00
  f  626 187x64 q=0.94 det=0.30 -> - 0.00
FINAL: -  status CANDIDATE  confidence 0.0  overlay_text_rejected  emitted: no

[CAM08] Vehicle ID: cam08_s0_t329 (car)
Track duration: 7.2 s  frames 694-875
Plate candidates: 2  best frame: 694  plate size: 250x97  quality: 0.934
OCR (per candidate, first 40):
  f  694 201x64 q=0.93 det=0.49 -> - 0.00
  f  695 194x56 q=0.95 det=0.28 -> - 0.00
FINAL: WW264  status CANDIDATE  confidence 0.0001  low_confidence  emitted: no

[CAM08] Vehicle ID: cam08_s0_t145 (truck)
Track duration: 34.6 s  frames 257-1123
Plate candidates: 1  best frame: 1110  plate size: 38x15  quality: 0.541
OCR (per candidate, first 40):
  f 1110 31x10 q=0.54 det=0.21 -> - 0.00
FINAL: -  status UNREADABLE  confidence 0.0  static_scene_text  emitted: no
