[CAM06_NIGHT] Vehicle ID: cam06_night_s0_t15 (motorcycle)
Track duration: 2.9 s  frames 85-155
Plate candidates: 2  best frame: 130  plate size: 82x70  quality: 0.965
OCR (per candidate, first 40):
  f  110 56x44 q=0.92 det=0.24 -> AP31B0720 0.51
  f  130 67x46 q=0.96 det=0.28 -> GA11GBU4795 0.53
FINAL: CG516547  status CANDIDATE  confidence 0.0  readers_disagree  emitted: no

[CAM06_NIGHT] Vehicle ID: cam06_night_s0_t18 (car)
Track duration: 18.5 s  frames 120-564
Plate candidates: 1  best frame: 547  plate size: 29x25  quality: 0.554
OCR (per candidate, first 40):
  f  547 24x16 q=0.55 det=0.32 -> GJ183705 0.82
FINAL: GJ18X6705  status CANDIDATE  confidence 0.1242  low_confidence  emitted: no

[CAM06_NIGHT] Vehicle ID: cam06_night_s0_t46 (truck)
Track duration: 1.0 s  frames 566-591
Plate candidates: 3  best frame: 572  plate size: 56x27  quality: 0.777
OCR (per candidate, first 40):
  f  572 45x18 q=0.78 det=0.34 -> - 0.00
  f  576 47x18 q=0.82 det=0.28 -> - 0.00
  f  577 48x18 q=0.76 det=0.26 -> - 0.00
FINAL: DL02C2  status CANDIDATE  confidence 0.0  readers_disagree  emitted: no

[CAM06_NIGHT] Vehicle ID: cam06_night_s0_t55 (motorcycle)
Track duration: 2.7 s  frames 585-650
Plate candidates: 5  best frame: 640  plate size: 61x24  quality: 0.88
OCR (per candidate, first 40):
  f  623 43x13 q=0.84 det=0.27 -> - 0.00
  f  625 40x12 q=0.82 det=0.32 -> - 0.00
  f  626 40x13 q=0.82 det=0.26 -> - 0.00
  f  639 52x14 q=0.89 det=0.36 -> - 0.00
  f  640 49x16 q=0.88 det=0.39 -> KL01BT9915 0.52
FINAL: KL006020  status CANDIDATE  confidence 0.0  readers_disagree  emitted: no

[CAM06_NIGHT] Vehicle ID: cam06_night_s0_t61 (car)
Track duration: 4.0 s  frames 623-720
Plate candidates: 83  best frame: 695  plate size: 81x28  quality: 0.959
OCR (per candidate, first 40):
  f  626 34x9 q=0.61 det=0.29 -> - 0.00
  f  628 35x9 q=0.69 det=0.48 -> - 0.00
  f  629 34x9 q=0.68 det=0.72 -> - 0.00
  f  630 35x9 q=0.66 det=0.71 -> - 0.00
  f  631 34x10 q=0.66 det=0.77 -> - 0.00
  f  632 34x10 q=0.68 det=0.77 -> - 0.00
  f  633 35x10 q=0.66 det=0.76 -> - 0.00
  f  634 35x9 q=0.63 det=0.76 -> - 0.00
  f  635 36x10 q=0.71 det=0.77 -> GJ17EP2053 0.55
  f  636 34x9 q=0.64 det=0.75 -> - 0.00
  f  637 35x10 q=0.64 det=0.77 -> - 0.00
  f  638 36x10 q=0.65 det=0.76 -> - 0.00
  f  639 37x10 q=0.63 det=0.76 -> - 0.00
  f  640 37x10 q=0.68 det=0.74 -> - 0.00
  f  641 37x10 q=0.66 det=0.78 -> - 0.00
  f  642 38x10 q=0.66 det=0.76 -> ML08WB0202 0.74
  f  643 37x10 q=0.66 det=0.79 -> ML08WB0296 0.52
  f  644 38x11 q=0.65 det=0.81 -> - 0.00
  f  645 39x10 q=0.72 det=0.76 -> GJ12AC2853 0.54
  f  646 40x10 q=0.69 det=0.77 -> - 0.00
  f  647 39x11 q=0.76 det=0.80 -> GJ32TF2883 0.67
  f  648 40x11 q=0.69 det=0.77 -> KL01FG43 0.58
  f  649 40x11 q=0.70 det=0.79 -> GJ32AY2883 0.56
  f  650 41x11 q=0.70 det=0.81 -> GJ12AY2993 0.57
  f  651 41x11 q=0.76 det=0.76 -> GJ32Y2883 0.62
  f  652 41x12 q=0.79 det=0.79 -> GJ12AY2883 0.70
  f  653 42x11 q=0.78 det=0.81 -> GJ32AF2883 0.65
  f  654 43x12 q=0.78 det=0.77 -> GJ32AT2883 0.68
  f  655 43x12 q=0.78 det=0.79 -> GJ32AF2883 0.63
  f  656 42x12 q=0.78 det=0.79 -> GJ32AG2883 0.73
  f  657 44x13 q=0.81 det=0.76 -> GJ32AC2883 0.72
  f  658 44x13 q=0.81 det=0.75 -> GJ32AC2883 0.73
  f  659 44x13 q=0.83 det=0.77 -> GJ32EC2883 0.75
  f  660 44x12 q=0.83 det=0.77 -> GJ32AC2883 0.78
  f  661 46x13 q=0.83 det=0.77 -> GJ32AC2883 0.69
  f  662 45x13 q=0.82 det=0.77 -> GJ32AC2883 0.66
  f  663 46x14 q=0.83 det=0.77 -> GJ32EH2883 0.71
  f  664 46x13 q=0.82 det=0.76 -> GJ32LC2883 0.69
  f  665 46x14 q=0.81 det=0.75 -> GJ32AC2883 0.67
  f  666 45x13 q=0.80 det=0.77 -> GJ32AC2883 0.80
FINAL: GJ32AG2883  status CONFIRMED  confidence 0.6065    emitted: GJ32AG2883

[CAM06_NIGHT] Vehicle ID: cam06_night_s0_t71 (motorcycle)
Track duration: 2.3 s  frames 780-835
Plate candidates: 4  best frame: 830  plate size: 34x27  quality: 0.55
OCR (per candidate, first 40):
  f  815 22x14 q=0.48 det=0.73 -> - 0.00
  f  820 23x15 q=0.51 det=0.76 -> GJ11L244 0.78
  f  825 26x18 q=0.53 det=0.59 -> GJ11RZK1244 0.56
  f  830 27x18 q=0.55 det=0.74 -> GJ37CR1344 0.64
FINAL: GJ175044  status CANDIDATE  confidence 0.0  readers_disagree  emitted: no

[CAM06_NIGHT] Vehicle ID: cam06_night_s0_t73 (motorcycle)
Track duration: 2.5 s  frames 810-870
Plate candidates: 1  best frame: 860  plate size: 42x10  quality: 0.704
OCR (per candidate, first 40):
  f  860 34x7 q=0.70 det=0.22 -> - 0.00
FINAL: GJ34YS1421  status CANDIDATE  confidence 0.001  readers_disagree  emitted: no

[CAM06_NIGHT] Vehicle ID: cam06_night_s0_t121 (car)
Track duration: 2.6 s  frames 1580-1642
Plate candidates: 49  best frame: 1625  plate size: 77x26  quality: 0.94
OCR (per candidate, first 40):
  f 1580 36x10 q=0.75 det=0.78 -> GJ22K1546 0.72
  f 1585 38x11 q=0.79 det=0.76 -> GJ32JN1545 0.75
  f 1586 39x11 q=0.80 det=0.77 -> GJ22DM7586 0.75
  f 1587 39x10 q=0.80 det=0.76 -> GJ32JA1545 0.77
  f 1588 40x11 q=0.80 det=0.77 -> WB22DA1546 0.77
  f 1589 39x11 q=0.80 det=0.78 -> GJ23H1545 0.77
  f 1590 41x11 q=0.80 det=0.77 -> GJ32JA1546 0.72
  f 1591 41x12 q=0.81 det=0.79 -> GJ23M1546 0.97
  f 1592 41x12 q=0.81 det=0.77 -> GJ23M1546 0.74
  f 1593 42x11 q=0.82 det=0.76 -> GJ32JH1545 0.81
  f 1594 41x11 q=0.81 det=0.76 -> GJ32JH1545 0.81
  f 1595 42x12 q=0.82 det=0.77 -> GJ23M1546 0.97
  f 1596 43x12 q=0.82 det=0.77 -> GJ22N1546 0.73
  f 1597 43x12 q=0.82 det=0.77 -> PB32JM1546 0.85
  f 1598 44x12 q=0.83 det=0.75 -> BR23W1545 0.68
  f 1599 44x12 q=0.83 det=0.76 -> GJ23H1545 0.92
  f 1601 46x13 q=0.83 det=0.77 -> GJ23B1545 0.75
  f 1602 45x13 q=0.82 det=0.78 -> GJ23H1545 0.87
  f 1603 46x13 q=0.83 det=0.77 -> GJ23H1545 1.00
  f 1604 47x13 q=0.83 det=0.80 -> GJ23N1545 0.66
  f 1605 47x14 q=0.83 det=0.78 -> GJ23G1546 0.69
  f 1606 47x14 q=0.85 det=0.79 -> GJ22H1545 0.80
  f 1607 48x14 q=0.85 det=0.79 -> GJ23H1545 0.90
  f 1608 49x14 q=0.85 det=0.79 -> GJ23B1546 0.60
  f 1609 50x14 q=0.85 det=0.79 -> GJ32JH1546 0.82
  f 1610 50x14 q=0.87 det=0.80 -> GJ23H1546 0.86
  f 1611 51x15 q=0.87 det=0.81 -> GJ23H1546 0.84
  f 1612 52x14 q=0.87 det=0.80 -> GJ23H1546 0.99
  f 1613 52x14 q=0.88 det=0.80 -> GJ23H1546 0.89
  f 1614 52x15 q=0.88 det=0.80 -> GJ23B1546 0.78
  f 1615 54x15 q=0.89 det=0.80 -> GJ23H1546 0.91
  f 1616 54x15 q=0.89 det=0.80 -> GJ23H1546 0.88
  f 1617 55x15 q=0.90 det=0.80 -> GJ23H1546 0.78
  f 1618 56x16 q=0.91 det=0.80 -> GJ23H1546 1.00
  f 1619 56x16 q=0.90 det=0.80 -> GJ23H1546 0.89
  f 1620 57x16 q=0.90 det=0.80 -> GJ23H1546 0.78
  f 1621 57x16 q=0.91 det=0.80 -> GJ23H1546 0.67
  f 1622 59x16 q=0.91 det=0.80 -> GJ23H1546 0.68
  f 1623 60x16 q=0.93 det=0.80 -> GJ23H1546 0.89
  f 1624 60x17 q=0.93 det=0.80 -> GJ23H1546 0.67
FINAL: GJ23H1546  status CONFIRMED  confidence 0.5504    emitted: GJ23H1546

[CAM06_NIGHT] Vehicle ID: cam06_night_s0_t127 (motorcycle)
Track duration: 1.0 s  frames 1642-1665
Plate candidates: 1  best frame: 1654  plate size: 34x24  quality: 0.532
OCR (per candidate, first 40):
  f 1654 27x16 q=0.53 det=0.35 -> - 0.00
FINAL: GJ773537  status CANDIDATE  confidence 0.0019  readers_disagree  emitted: no

[CAM06_NIGHT] Vehicle ID: cam06_night_s0_t159 (motorcycle)
Track duration: 3.8 s  frames 2010-2101
Plate candidates: 1  best frame: 2085  plate size: 45x13  quality: 0.651
OCR (per candidate, first 40):
  f 2085 37x9 q=0.65 det=0.31 -> - 0.00
FINAL: GJ11AA9177  status CANDIDATE  confidence 0.0  readers_disagree  emitted: no

[CAM06_NIGHT] Vehicle ID: cam06_night_s0_t154 (car)
Track duration: 7.7 s  frames 1925-2110
Plate candidates: 111  best frame: 2060  plate size: 71x26  quality: 0.901
OCR (per candidate, first 40):
  f 1925 33x9 q=0.72 det=0.43 -> - 0.00
  f 1930 34x8 q=0.76 det=0.39 -> - 0.00
  f 1935 34x8 q=0.75 det=0.66 -> - 0.00
  f 1936 34x9 q=0.74 det=0.78 -> - 0.00
  f 1937 34x9 q=0.76 det=0.77 -> - 0.00
  f 1938 34x9 q=0.76 det=0.78 -> - 0.00
  f 1940 35x9 q=0.75 det=0.76 -> - 0.00
  f 1941 36x9 q=0.78 det=0.78 -> - 0.00
  f 1942 35x9 q=0.75 det=0.73 -> - 0.00
  f 1943 35x10 q=0.77 det=0.78 -> - 0.00
  f 1944 36x9 q=0.77 det=0.75 -> - 0.00
  f 1945 36x10 q=0.79 det=0.77 -> - 0.00
  f 1946 35x9 q=0.72 det=0.77 -> - 0.00
  f 1947 37x10 q=0.79 det=0.76 -> - 0.00
  f 1948 38x10 q=0.79 det=0.76 -> - 0.00
  f 1949 36x9 q=0.77 det=0.76 -> - 0.00
  f 1950 37x10 q=0.77 det=0.76 -> - 0.00
  f 1951 38x10 q=0.78 det=0.74 -> GJ23G1546 0.69
  f 1952 38x10 q=0.80 det=0.75 -> - 0.00
  f 1953 39x10 q=0.80 det=0.75 -> - 0.00
  f 1954 39x10 q=0.79 det=0.72 -> - 0.00
  f 1955 38x10 q=0.78 det=0.74 -> - 0.00
  f 1956 38x10 q=0.77 det=0.76 -> - 0.00
  f 1957 40x10 q=0.79 det=0.72 -> - 0.00
  f 1958 40x11 q=0.80 det=0.75 -> - 0.00
  f 1959 39x10 q=0.79 det=0.73 -> - 0.00
  f 1960 40x11 q=0.80 det=0.71 -> - 0.00
  f 1961 40x11 q=0.80 det=0.73 -> - 0.00
  f 1962 40x11 q=0.79 det=0.75 -> - 0.00
  f 1963 40x11 q=0.80 det=0.76 -> - 0.00
  f 1964 40x11 q=0.80 det=0.76 -> - 0.00
  f 1965 40x11 q=0.81 det=0.74 -> - 0.00
  f 1966 40x11 q=0.80 det=0.77 -> - 0.00
  f 1967 40x11 q=0.80 det=0.78 -> - 0.00
  f 1968 41x11 q=0.81 det=0.77 -> - 0.00
  f 1969 40x11 q=0.81 det=0.78 -> - 0.00
  f 1970 41x12 q=0.80 det=0.79 -> - 0.00
  f 1971 42x12 q=0.81 det=0.78 -> - 0.00
  f 1972 42x12 q=0.81 det=0.79 -> - 0.00
  f 1973 42x11 q=0.81 det=0.74 -> - 0.00
FINAL: GJ11S7924  status CONFIRMED  confidence 0.9005    emitted: GJ11S7924

[CAM06_NIGHT] Vehicle ID: cam06_night_s0_t181 (motorcycle)
Track duration: 2.3 s  frames 2280-2335
Plate candidates: 2  best frame: 2325  plate size: 31x23  quality: 0.516
OCR (per candidate, first 40):
  f 2325 25x16 q=0.52 det=0.58 -> - 0.00
  f 2330 26x16 q=0.52 det=0.26 -> - 0.00
FINAL: GJ175627  status CANDIDATE  confidence 0.0019  no_glyph_evidence:2  emitted: no

[CAM06_NIGHT] Vehicle ID: cam06_night_s0_t194 (motorcycle)
Track duration: 1.7 s  frames 2385-2425
Plate candidates: 2  best frame: 2415  plate size: 31x23  quality: 0.518
OCR (per candidate, first 40):
  f 2415 25x16 q=0.52 det=0.73 -> - 0.00
  f 2420 27x16 q=0.56 det=0.62 -> GJ11CN4544 0.61
FINAL: GJ212  status CANDIDATE  confidence 0.0212  low_confidence  emitted: no

[CAM06_NIGHT] Vehicle ID: cam06_night_s0_t230 (motorcycle)
Track duration: 2.3 s  frames 2790-2845
Plate candidates: 3  best frame: 2815  plate size: 92x69  quality: 0.985
OCR (per candidate, first 40):
  f 2805 59x39 q=0.93 det=0.29 -> - 0.00
  f 2815 75x46 q=0.98 det=0.38 -> GJ211177 0.57
  f 2835 77x60 q=0.97 det=0.28 -> - 0.00
FINAL: MP279461  status CANDIDATE  confidence 0.0  low_confidence  emitted: no

[CAM06_NIGHT] Vehicle ID: cam06_night_s0_t235 (motorcycle)
Track duration: 1.9 s  frames 2875-2920
Plate candidates: 1  best frame: 2910  plate size: 44x13  quality: 0.678
OCR (per candidate, first 40):
  f 2910 35x8 q=0.68 det=0.27 -> - 0.00
FINAL: GJ03A3176  status CANDIDATE  confidence 0.0  readers_disagree  emitted: no

[CAM06_NIGHT] Vehicle ID: cam06_night_s0_t248 (car)
Track duration: 2.4 s  frames 3095-3152
Plate candidates: 41  best frame: 3138  plate size: 79x24  quality: 0.945
OCR (per candidate, first 40):
  f 3095 36x9 q=0.78 det=0.73 -> CG01MX7900 0.50
  f 3100 38x9 q=0.79 det=0.71 -> GJ03MV7908 0.58
  f 3101 37x10 q=0.78 det=0.75 -> GJ03MV7809 0.58
  f 3102 38x10 q=0.79 det=0.74 -> GJ03MM7800 0.67
  f 3103 39x11 q=0.80 det=0.75 -> GJ03MH7803 0.80
  f 3104 38x11 q=0.79 det=0.73 -> GJ03MH7830 0.76
  f 3105 38x11 q=0.79 det=0.74 -> GJ03MH7830 0.76
  f 3106 39x11 q=0.80 det=0.73 -> GJ03MM7830 0.83
  f 3107 40x11 q=0.81 det=0.74 -> GJ03MH7830 0.75
  f 3108 40x11 q=0.80 det=0.72 -> GJ03MH7630 0.78
  f 3109 40x11 q=0.81 det=0.73 -> GJ03MH7630 0.95
  f 3110 42x12 q=0.81 det=0.74 -> GJ03MH7630 0.86
  f 3111 42x12 q=0.81 det=0.75 -> GJ03MW7639 0.71
  f 3112 42x12 q=0.81 det=0.75 -> GJ03MH7633 0.76
  f 3113 43x12 q=0.82 det=0.76 -> GJ03JR1036 0.80
  f 3114 43x12 q=0.82 det=0.78 -> GJ03MH7800 0.84
  f 3115 44x12 q=0.83 det=0.76 -> GJ03MH7608 0.82
  f 3116 45x11 q=0.82 det=0.75 -> GJ03MV7609 0.75
  f 3117 46x12 q=0.83 det=0.78 -> GJ03MH7800 0.90
  f 3118 47x12 q=0.85 det=0.78 -> GJ03MM7809 0.81
  f 3119 47x12 q=0.84 det=0.77 -> GJ03MH7800 0.88
  f 3120 48x12 q=0.84 det=0.78 -> GJ03MV7808 0.84
  f 3121 50x13 q=0.85 det=0.79 -> GJ03MH7809 0.69
  f 3122 50x12 q=0.85 det=0.79 -> GJ03MH7800 1.00
  f 3123 51x13 q=0.85 det=0.76 -> GJ03MH7800 0.99
  f 3124 52x13 q=0.86 det=0.76 -> GJ03MH7800 0.84
  f 3125 52x13 q=0.86 det=0.79 -> GJ03MH7800 1.00
  f 3126 54x13 q=0.88 det=0.76 -> GJ03MH7800 0.97
  f 3127 54x14 q=0.88 det=0.77 -> GJ03MH7800 0.90
  f 3128 55x14 q=0.88 det=0.77 -> GJ03MH7800 0.99
  f 3129 56x14 q=0.90 det=0.76 -> GJ03MH7800 0.82
  f 3130 57x15 q=0.90 det=0.78 -> GJ03MH7800 1.00
  f 3131 56x15 q=0.90 det=0.77 -> GJ03MH7800 1.00
  f 3132 58x14 q=0.89 det=0.76 -> GJ03MH7800 0.91
  f 3133 58x15 q=0.90 det=0.77 -> GJ03MH7800 0.89
  f 3134 60x16 q=0.92 det=0.79 -> GJ03MH7800 0.91
  f 3135 60x15 q=0.92 det=0.75 -> GJ03MH7800 1.00
  f 3136 61x16 q=0.92 det=0.78 -> GJ03MH7800 1.00
  f 3137 62x16 q=0.93 det=0.77 -> GJ03MH7800 0.85
  f 3138 64x16 q=0.94 det=0.75 -> GJ03MH7800 0.76
FINAL: GJ03MH7800  status CONFIRMED  confidence 0.559    emitted: GJ03MH7800

[CAM06_NIGHT] Vehicle ID: cam06_night_s0_t255 (car)
Track duration: 2.9 s  frames 3154-3223
Plate candidates: 53  best frame: 3206  plate size: 81x25  quality: 0.934
OCR (per candidate, first 40):
  f 3155 32x8 q=0.67 det=0.22 -> GJ03TB1218 0.54
  f 3156 34x9 q=0.69 det=0.49 -> MN22C0322 0.53
  f 3157 34x9 q=0.69 det=0.44 -> GJ03JB1238 0.59
  f 3158 33x10 q=0.63 det=0.57 -> GJ03JB1019 0.63
  f 3159 35x10 q=0.68 det=0.75 -> GJ03JB1029 0.56
  f 3160 34x9 q=0.71 det=0.78 -> GJ02JB1039 0.60
  f 3161 34x9 q=0.63 det=0.75 -> GJ07JR1829 0.59
  f 3162 34x10 q=0.66 det=0.78 -> GJ01JR1028 0.61
  f 3163 35x10 q=0.67 det=0.76 -> GJ01JB1828 0.62
  f 3164 36x10 q=0.74 det=0.75 -> GJ01Z9187 0.52
  f 3165 36x10 q=0.67 det=0.75 -> GJ01DR1026 0.68
  f 3166 36x10 q=0.70 det=0.75 -> GJ03JN1825 0.70
  f 3167 37x11 q=0.71 det=0.75 -> GJ30JJR1029 0.57
  f 3168 37x11 q=0.79 det=0.75 -> CG03JN1335 0.62
  f 3169 37x11 q=0.76 det=0.76 -> GJ03JR7039 0.56
  f 3170 38x11 q=0.78 det=0.75 -> GJ03JR1826 0.70
  f 3171 38x11 q=0.77 det=0.75 -> GJ03JR1876 0.67
  f 3172 39x11 q=0.79 det=0.76 -> GJ03JR1026 0.81
  f 3173 39x12 q=0.79 det=0.76 -> CH29JJB1036 0.67
  f 3174 40x12 q=0.79 det=0.77 -> GJ03JR1036 0.54
  f 3175 39x12 q=0.76 det=0.76 -> GJ03JR1436 0.63
  f 3176 41x12 q=0.80 det=0.75 -> GJ01JR1239 0.68
  f 3177 41x12 q=0.78 det=0.76 -> GJ03JR1236 0.83
  f 3178 41x12 q=0.79 det=0.77 -> CG20TR1036 0.77
  f 3179 43x12 q=0.79 det=0.77 -> GJ01JR1036 0.71
  f 3180 43x12 q=0.80 det=0.77 -> GJ03JR1036 0.68
  f 3181 44x12 q=0.80 det=0.76 -> GJ01JR1936 0.65
  f 3182 44x12 q=0.79 det=0.75 -> GJ03JR1936 0.84
  f 3183 45x12 q=0.80 det=0.75 -> GJ03JR1936 0.84
  f 3184 44x12 q=0.81 det=0.76 -> GJ03JR1036 0.86
  f 3185 45x12 q=0.82 det=0.76 -> GJ03JR1036 0.88
  f 3186 47x12 q=0.81 det=0.76 -> GJ03JR1036 0.90
  f 3187 47x13 q=0.82 det=0.77 -> GJ03JR1036 0.89
  f 3188 47x12 q=0.82 det=0.77 -> GJ03JR1036 0.91
  f 3189 49x12 q=0.83 det=0.75 -> GJ03JR1036 0.90
  f 3190 50x13 q=0.82 det=0.76 -> GJ03JR1036 0.90
  f 3191 51x13 q=0.83 det=0.77 -> GJ03JR1036 0.80
  f 3192 51x13 q=0.84 det=0.76 -> GJ03JR1036 0.91
  f 3193 52x13 q=0.83 det=0.76 -> GJ03JR1036 0.80
  f 3194 52x13 q=0.84 det=0.77 -> GJ03JR1036 0.80
FINAL: GJ03JR1036  status CONFIRMED  confidence 0.529    emitted: GJ03JR1036

[CAM06_NIGHT] Vehicle ID: cam06_night_s0_t254 (car)
Track duration: 3.2 s  frames 3149-3227
Plate candidates: 6  best frame: 3207  plate size: 33x23  quality: 0.545
OCR (per candidate, first 40):
  f 3194 24x15 q=0.51 det=0.22 -> - 0.00
  f 3206 27x14 q=0.54 det=0.32 -> GJ11VP1170 0.56
  f 3207 26x15 q=0.55 det=0.59 -> GJ11UJ1173 0.69
  f 3208 27x16 q=0.55 det=0.32 -> GJ11LQ1773 0.68
  f 3209 27x15 q=0.54 det=0.34 -> GJ11LU1773 0.70
  f 3214 29x17 q=0.57 det=0.32 -> GJ11VT1378 0.71
FINAL: KL113  status CANDIDATE  confidence 0.0007  low_confidence  emitted: no

[CAM06_NIGHT] Vehicle ID: cam06_night_s0_t276 (motorcycle)
Track duration: 2.1 s  frames 3370-3420
Plate candidates: 4  best frame: 3415  plate size: 35x25  quality: 0.57
OCR (per candidate, first 40):
  f 3400 23x13 q=0.48 det=0.62 -> - 0.00
  f 3405 24x15 q=0.50 det=0.75 -> GJ121124 0.52
  f 3410 26x16 q=0.52 det=0.76 -> MN22C0322 0.53
  f 3415 28x17 q=0.57 det=0.76 -> GJ11N1875 0.64
FINAL: GJ11EB1875  status CANDIDATE  confidence 0.0379  low_confidence  emitted: no

[CAM06_NIGHT] Vehicle ID: cam06_night_s0_t285 (motorcycle)
Track duration: 3.2 s  frames 3455-3533
Plate candidates: 1  best frame: 3520  plate size: 44x13  quality: 0.725
OCR (per candidate, first 40):
  f 3520 36x9 q=0.72 det=0.27 -> - 0.00
FINAL: GJ17A2  status CANDIDATE  confidence 0.0  readers_disagree  emitted: no

[CAM06_NIGHT] Vehicle ID: cam06_night_s0_t294 (car)
Track duration: 1.9 s  frames 3529-3575
Plate candidates: 16  best frame: 3555  plate size: 32x23  quality: 0.56
OCR (per candidate, first 40):
  f 3540 41x13 q=0.81 det=0.38 -> GJ03JB1238 0.59
  f 3542 42x13 q=0.82 det=0.22 -> - 0.00
  f 3545 42x13 q=0.83 det=0.41 -> - 0.00
  f 3546 44x13 q=0.83 det=0.62 -> - 0.00
  f 3547 24x14 q=0.53 det=0.60 -> - 0.00
  f 3548 24x15 q=0.54 det=0.40 -> GJ179533 0.58
  f 3549 45x14 q=0.84 det=0.54 -> - 0.00
  f 3551 25x15 q=0.55 det=0.36 -> GJ01T7177 0.54
  f 3555 26x15 q=0.56 det=0.60 -> GJ15GJ9597 0.57
  f 3560 28x16 q=0.58 det=0.48 -> - 0.00
  f 3561 28x16 q=0.56 det=0.45 -> - 0.00
  f 3562 50x14 q=0.87 det=0.44 -> - 0.00
  f 3564 51x13 q=0.88 det=0.33 -> - 0.00
  f 3565 30x19 q=0.59 det=0.42 -> - 0.00
  f 3566 30x19 q=0.60 det=0.80 -> - 0.00
  f 3567 32x15 q=0.63 det=0.69 -> - 0.00
FINAL: GJ11G9197  status CANDIDATE  confidence 0.0004  readers_disagree  emitted: no
