[CAM16] Vehicle ID: cam16_s0_t1 (car)
Track duration: 15.2 s  frames 0-380
Plate candidates: 14  best frame: 80  plate size: 26x10  quality: 0.468
OCR (per candidate, first 40):
  f    0 13x4 q=0.43 det=0.34 -> - 0.00
  f   20 15x4 q=0.44 det=0.34 -> - 0.00
  f   40 16x4 q=0.42 det=0.39 -> - 0.00
  f   60 12x4 q=0.44 det=0.29 -> - 0.00
  f   80 21x7 q=0.47 det=0.32 -> - 0.00
  f  100 9x4 q=0.34 det=0.11 -> - 0.00
  f  120 10x4 q=0.40 det=0.29 -> - 0.00
  f  140 10x4 q=0.38 det=0.31 -> - 0.00
  f  160 12x6 q=0.45 det=0.24 -> - 0.00
  f  180 13x4 q=0.43 det=0.29 -> - 0.00
  f  200 14x5 q=0.46 det=0.30 -> - 0.00
  f  220 10x3 q=0.43 det=0.34 -> - 0.00
  f  240 9x8 q=0.38 det=0.09 -> - 0.00
  f  260 8x6 q=0.38 det=0.25 -> - 0.00
FINAL: -  status UNREADABLE  confidence 0.0  sharpness_below_gate:4.1<8.0  emitted: no

[CAM16] Vehicle ID: cam16_s0_t2 (car)
Track duration: 12.8 s  frames 0-320
Plate candidates: 1  best frame: 0  plate size: 10x6  quality: 0.452
OCR (per candidate, first 40):
  f    0 8x4 q=0.45 det=0.34 -> - 0.00
FINAL: -  status UNREADABLE  confidence 0.0  width_below_gate:10<22  emitted: no

[CAM16] Vehicle ID: cam16_s0_t5 (car)
Track duration: 12.0 s  frames 0-300
Plate candidates: 8  best frame: 120  plate size: 23x5  quality: 0.463
OCR (per candidate, first 40):
  f   80 9x6 q=0.45 det=0.22 -> - 0.00
  f  100 9x9 q=0.43 det=0.18 -> - 0.00
  f  120 19x3 q=0.46 det=0.35 -> - 0.00
  f  160 9x4 q=0.42 det=0.23 -> - 0.00
  f  180 20x4 q=0.47 det=0.32 -> - 0.00
  f  200 19x3 q=0.46 det=0.35 -> - 0.00
  f  220 18x4 q=0.43 det=0.34 -> - 0.00
  f  300 29x6 q=0.47 det=0.30 -> - 0.00
FINAL: -  status UNREADABLE  confidence 0.0  height_below_gate:5<8  emitted: no

[CAM16] Vehicle ID: cam16_s0_t7 (truck)
Track duration: 14.4 s  frames 0-360
Plate candidates: 4  best frame: 40  plate size: 44x29  quality: 0.489
OCR (per candidate, first 40):
  f   20 18x4 q=0.35 det=0.17 -> - 0.00
  f   40 35x19 q=0.49 det=0.29 -> - 0.00
  f   60 8x4 q=0.42 det=0.22 -> - 0.00
  f   80 8x7 q=0.39 det=0.20 -> - 0.00
FINAL: -  status UNREADABLE  confidence 0.0  sharpness_below_gate:2.7<8.0  emitted: no

[CAM16] Vehicle ID: cam16_s0_t9 (truck)
Track duration: 1.6 s  frames 0-40
Plate candidates: 1  best frame: 20  plate size: 14x5  quality: 0.433
OCR (per candidate, first 40):
  f   20 11x3 q=0.43 det=0.48 -> - 0.00
FINAL: -  status UNREADABLE  confidence 0.0  width_below_gate:14<22  emitted: no

[CAM16] Vehicle ID: cam16_s0_t29 (car)
Track duration: 0.0 s  frames 120-120
Plate candidates: 1  best frame: 120  plate size: 20x4  quality: 0.464
OCR (per candidate, first 40):
  f  120 16x3 q=0.46 det=0.34 -> - 0.00
FINAL: -  status UNREADABLE  confidence 0.0  width_below_gate:20<22  emitted: no
