[CAM11] Vehicle ID: cam11_s0_t172 (car)
Track duration: 4.0 s  frames 301-400
Plate candidates: 4  best frame: 357  plate size: 58x37  quality: 0.576
OCR (per candidate, first 40):
  f  356 43x26 q=0.57 det=0.36 -> - 0.00
  f  357 46x24 q=0.58 det=0.37 -> - 0.00
  f  358 45x26 q=0.57 det=0.24 -> - 0.00
  f  359 46x24 q=0.56 det=0.37 -> - 0.00
FINAL: GJ137700  status CANDIDATE  confidence 0.0  no_glyph_evidence:2  emitted: no

[CAM11] Vehicle ID: cam11_s0_t116 (motorcycle)
Track duration: 13.6 s  frames 215-554
Plate candidates: 106  best frame: 265  plate size: 308x190  quality: 0.98
OCR (per candidate, first 40):
  f  232 238x108 q=0.96 det=0.41 -> - 0.00
  f  245 278x141 q=0.98 det=0.36 -> - 0.00
  f  246 286x135 q=0.97 det=0.43 -> - 0.00
  f  247 276x137 q=0.98 det=0.51 -> ML20R2716 0.63
  f  248 270x143 q=0.97 det=0.52 -> - 0.00
  f  249 280x154 q=0.98 det=0.44 -> PB01QL2749 0.53
  f  250 282x152 q=0.98 det=0.41 -> ML11QC1497 0.54
  f  251 276x154 q=0.97 det=0.45 -> MH10C828 0.52
  f  252 279x158 q=0.98 det=0.40 -> MH10C868 0.53
  f  253 278x152 q=0.98 det=0.41 -> MH10CZ89 0.51
  f  254 279x159 q=0.98 det=0.33 -> MH10D2744 0.71
  f  255 282x171 q=0.98 det=0.28 -> MH10AA8868 0.51
  f  256 276x168 q=0.98 det=0.30 -> ML80C6995 0.57
  f  257 259x153 q=0.98 det=0.47 -> - 0.00
  f  258 264x157 q=0.98 det=0.37 -> - 0.00
  f  259 263x153 q=0.98 det=0.40 -> - 0.00
  f  260 268x139 q=0.98 det=0.41 -> MH01MRE9 0.56
  f  261 266x134 q=0.98 det=0.43 -> MH01QC5497 0.65
  f  262 268x131 q=0.98 det=0.42 -> ML40C0123 0.54
  f  263 259x138 q=0.98 det=0.43 -> KL07J6281 0.52
  f  264 258x141 q=0.98 det=0.43 -> - 0.00
  f  265 249x127 q=0.98 det=0.57 -> MH02CA298 0.54
  f  266 264x122 q=0.98 det=0.35 -> - 0.00
  f  267 246x138 q=0.98 det=0.44 -> HR01C5628 0.69
  f  268 257x122 q=0.98 det=0.33 -> HR07C5496 0.69
  f  269 225x128 q=0.98 det=0.51 -> HR01CF6981 0.56
  f  270 219x124 q=0.99 det=0.54 -> HR01CT6582 0.63
  f  271 235x146 q=0.99 det=0.41 -> KL01CH4245 0.51
  f  272 230x135 q=0.99 det=0.47 -> ML02CAE2768 0.51
  f  273 230x150 q=0.98 det=0.33 -> DL02DE8979 0.53
  f  274 212x132 q=0.99 det=0.45 -> HR01CT6592 0.70
  f  275 209x146 q=0.99 det=0.42 -> ML02D0279 0.61
  f  276 216x128 q=0.99 det=0.49 -> ML02DS7069 0.63
  f  277 228x146 q=0.99 det=0.37 -> MH08DC8497 0.56
  f  278 216x128 q=0.99 det=0.48 -> ML02DK7969 0.60
  f  279 213x131 q=0.98 det=0.51 -> HR01CC2810 0.59
  f  280 211x123 q=0.99 det=0.54 -> HR01CF6587 0.58
  f  281 241x131 q=0.98 det=0.30 -> MH02CAE2958 0.52
  f  282 235x131 q=0.99 det=0.34 -> MH30C4981 0.50
  f  283 242x129 q=0.98 det=0.26 -> - 0.00
FINAL: ML07L5591  status CANDIDATE  confidence 0.0  readers_disagree  emitted: no

[CAM11] Vehicle ID: cam11_s0_t309 (car)
Track duration: 7.5 s  frames 488-675
Plate candidates: 1  best frame: 521  plate size: 156x97  quality: 0.758
OCR (per candidate, first 40):
  f  521 126x64 q=0.76 det=0.21 -> LA01B9266 0.57
FINAL: MP400067  status CANDIDATE  confidence 0.0  readers_disagree  emitted: no

[CAM11] Vehicle ID: cam11_s0_t1 (car)
Track duration: 44.8 s  frames 0-1120
Plate candidates: 45  best frame: 905  plate size: 124x128  quality: 0.897
OCR (per candidate, first 40):
  f  258 93x80 q=0.88 det=0.21 -> - 0.00
  f  259 94x79 q=0.88 det=0.23 -> - 0.00
  f  260 94x80 q=0.89 det=0.25 -> - 0.00
  f  262 96x81 q=0.89 det=0.23 -> - 0.00
  f  263 96x81 q=0.89 det=0.23 -> - 0.00
  f  265 96x81 q=0.89 det=0.24 -> - 0.00
  f  266 96x81 q=0.89 det=0.25 -> - 0.00
  f  267 95x81 q=0.89 det=0.24 -> - 0.00
  f  287 70x65 q=0.79 det=0.24 -> - 0.00
  f  290 76x69 q=0.83 det=0.21 -> - 0.00
  f  291 75x68 q=0.82 det=0.23 -> - 0.00
  f  295 74x66 q=0.82 det=0.22 -> - 0.00
  f  297 68x62 q=0.78 det=0.24 -> - 0.00
  f  298 69x63 q=0.79 det=0.23 -> - 0.00
  f  300 76x70 q=0.83 det=0.23 -> - 0.00
  f  301 95x75 q=0.89 det=0.24 -> - 0.00
  f  302 68x63 q=0.78 det=0.22 -> - 0.00
  f  319 72x68 q=0.80 det=0.21 -> - 0.00
  f  334 70x66 q=0.73 det=0.22 -> - 0.00
  f  336 70x65 q=0.74 det=0.22 -> - 0.00
  f  337 69x66 q=0.78 det=0.22 -> - 0.00
  f  338 70x66 q=0.79 det=0.21 -> - 0.00
  f  339 69x64 q=0.80 det=0.21 -> - 0.00
  f  340 69x63 q=0.78 det=0.20 -> - 0.00
  f  341 69x64 q=0.78 det=0.20 -> - 0.00
  f  342 61x62 q=0.72 det=0.23 -> - 0.00
  f  344 73x67 q=0.82 det=0.22 -> - 0.00
  f  345 73x67 q=0.82 det=0.20 -> - 0.00
  f  346 73x67 q=0.82 det=0.22 -> - 0.00
  f  347 74x67 q=0.82 det=0.22 -> - 0.00
  f  348 73x67 q=0.81 det=0.21 -> - 0.00
  f  349 73x67 q=0.81 det=0.20 -> - 0.00
  f  350 73x67 q=0.81 det=0.20 -> - 0.00
  f  354 62x62 q=0.73 det=0.22 -> - 0.00
  f  355 62x62 q=0.73 det=0.21 -> - 0.00
  f  357 63x61 q=0.73 det=0.21 -> - 0.00
  f  361 64x59 q=0.74 det=0.21 -> - 0.00
  f  363 93x76 q=0.89 det=0.22 -> - 0.00
  f  364 93x76 q=0.89 det=0.21 -> - 0.00
  f  365 94x76 q=0.89 det=0.23 -> - 0.00
FINAL: GJ070427  status CANDIDATE  confidence 0.0  readers_disagree  emitted: no

[CAM11] Vehicle ID: cam11_s0_t57 (truck)
Track duration: 41.2 s  frames 90-1120
Plate candidates: 7  best frame: 383  plate size: 74x38  quality: 0.681
OCR (per candidate, first 40):
  f  180 57x28 q=0.61 det=0.21 -> - 0.00
  f  254 57x29 q=0.70 det=0.35 -> - 0.00
  f  383 60x26 q=0.68 det=0.41 -> TN96L7559 0.52
  f  528 53x33 q=0.57 det=0.21 -> - 0.00
  f  829 61x24 q=0.68 det=0.31 -> AS96LY57 0.53
  f  830 61x25 q=0.68 det=0.26 -> - 0.00
  f  832 61x26 q=0.68 det=0.22 -> - 0.00
FINAL: AN94L1521  status CANDIDATE  confidence 0.0  readers_disagree  emitted: no
