evaluating D:/ANPR/models/plate_detector.pt on dataset\v2/test at imgsz=640
  100/223 images (12s)
  200/223 images (15s)
==============================================================================
baseline_plate_detector   test   imgsz=640   match IoU>=0.3
==============================================================================
stratum                   GT   det   recall    prec      AP
------------------------------------------------------------------------------
OVERALL                  158   123    0.778   0.066   0.501
------------------------------------------------------------------------------
EXTREMELY_TINY            21     5    0.238   0.003   0.007
VERY_SMALL                28    19    0.679   0.011   0.027
SMALL                     63    53    0.841   0.030   0.416
MEDIUM                    35    35    1.000   0.020   0.761
LARGE                     11    11    1.000   0.006   0.601
------------------------------------------------------------------------------
tiny                      49    24    0.490   0.014   0.026
blur                       4     1    0.250   0.001   0.031
low_light                 24    11    0.458   0.006   0.025
overexposed                3     1    0.333   0.001   0.000
low_contrast              85    59    0.694   0.033   0.231
low_confidence            45    27    0.600   0.015   0.076
unreadable               156   121    0.776   0.065   0.492
------------------------------------------------------------------------------
UNREADABLE_TOO_SMALL     156   121    0.776   0.065   0.492
NOT_ATTEMPTED              2     2    1.000   0.001   1.000
------------------------------------------------------------------------------
false positives on the 75 plate-free images: 407 (5.427/image)

Written: reports\eval_by_size\baseline_plate_detector_test_imgsz640.json
