[CAM01] Vehicle ID: cam01_s0_t1 (truck)
Track duration: 0.0 s  frames 0-0
Plate candidates: 1  best frame: 0  plate size: 17x6  quality: 0.457
OCR (per candidate, first 40):
  f    0 13x4 q=0.46 det=0.28 -> - 0.00
FINAL: -  status UNREADABLE  confidence 0.0  width_below_gate:17<22  emitted: no

[CAM01] Vehicle ID: cam01_s0_t9 (truck)
Track duration: 0.1 s  frames 49-51
Plate candidates: 3  best frame: 50  plate size: 28x8  quality: 0.499
OCR (per candidate, first 40):
  f   49 17x5 q=0.44 det=0.39 -> - 0.00
  f   50 22x5 q=0.50 det=0.40 -> - 0.00
  f   51 23x5 q=0.50 det=0.37 -> - 0.00
FINAL: -  status UNREADABLE  confidence 0.0  sharpness_below_gate:6.5<8.0  emitted: no

[CAM01] Vehicle ID: cam01_s0_t11 (truck)
Track duration: 0.2 s  frames 51-57
Plate candidates: 7  best frame: 53  plate size: 23x10  quality: 0.416
OCR (per candidate, first 40):
  f   51 22x8 q=0.41 det=0.33 -> - 0.00
  f   52 22x8 q=0.41 det=0.33 -> - 0.00
  f   53 18x7 q=0.42 det=0.35 -> - 0.00
  f   54 17x7 q=0.41 det=0.35 -> - 0.00
  f   55 16x7 q=0.40 det=0.34 -> - 0.00
  f   56 17x7 q=0.40 det=0.34 -> - 0.00
  f   57 20x8 q=0.41 det=0.31 -> - 0.00
FINAL: -  status UNREADABLE  confidence 0.0  sharpness_below_gate:4.1<8.0  emitted: no

[CAM01] Vehicle ID: cam01_s0_t18 (truck)
Track duration: 0.2 s  frames 71-76
Plate candidates: 5  best frame: 76  plate size: 24x5  quality: 0.449
OCR (per candidate, first 40):
  f   71 9x7 q=0.39 det=0.23 -> - 0.00
  f   72 10x7 q=0.40 det=0.24 -> - 0.00
  f   73 9x7 q=0.40 det=0.24 -> - 0.00
  f   74 9x7 q=0.40 det=0.24 -> - 0.00
  f   76 20x3 q=0.45 det=0.31 -> - 0.00
FINAL: -  status UNREADABLE  confidence 0.0  height_below_gate:5<8  emitted: no

[CAM01] Vehicle ID: cam01_s0_t19 (truck)
Track duration: 3.6 s  frames 79-170
Plate candidates: 44  best frame: 103  plate size: 36x8  quality: 0.584
OCR (per candidate, first 40):
  f   79 8x6 q=0.45 det=0.36 -> - 0.00
  f   80 19x5 q=0.47 det=0.46 -> - 0.00
  f   81 8x5 q=0.44 det=0.23 -> - 0.00
  f   82 12x3 q=0.43 det=0.45 -> - 0.00
  f   85 14x4 q=0.43 det=0.43 -> - 0.00
  f   86 15x4 q=0.43 det=0.43 -> - 0.00
  f   87 14x6 q=0.44 det=0.44 -> - 0.00
  f   88 25x6 q=0.53 det=0.48 -> - 0.00
  f   89 25x6 q=0.53 det=0.48 -> - 0.00
  f   90 18x8 q=0.40 det=0.45 -> - 0.00
  f   91 18x8 q=0.40 det=0.44 -> - 0.00
  f   92 19x6 q=0.48 det=0.47 -> - 0.00
  f   93 17x7 q=0.43 det=0.46 -> - 0.00
  f   94 13x5 q=0.43 det=0.47 -> - 0.00
  f   95 17x7 q=0.41 det=0.47 -> - 0.00
  f   96 17x7 q=0.41 det=0.46 -> - 0.00
  f   97 18x7 q=0.41 det=0.46 -> - 0.00
  f   98 9x7 q=0.36 det=0.42 -> - 0.00
  f   99 9x7 q=0.36 det=0.41 -> - 0.00
  f  100 10x7 q=0.32 det=0.42 -> - 0.00
  f  101 10x7 q=0.32 det=0.42 -> - 0.00
  f  102 8x7 q=0.39 det=0.43 -> - 0.00
  f  103 29x6 q=0.58 det=0.45 -> - 0.00
  f  104 11x7 q=0.36 det=0.34 -> - 0.00
  f  105 9x6 q=0.41 det=0.36 -> - 0.00
  f  106 9x6 q=0.41 det=0.36 -> - 0.00
  f  107 23x4 q=0.38 det=0.33 -> - 0.00
  f  108 12x4 q=0.38 det=0.42 -> - 0.00
  f  109 12x4 q=0.37 det=0.41 -> - 0.00
  f  110 12x4 q=0.39 det=0.39 -> - 0.00
  f  111 12x4 q=0.40 det=0.39 -> - 0.00
  f  112 11x4 q=0.37 det=0.39 -> - 0.00
  f  113 10x4 q=0.35 det=0.42 -> - 0.00
  f  114 10x4 q=0.40 det=0.40 -> - 0.00
  f  115 10x4 q=0.38 det=0.36 -> - 0.00
  f  116 10x4 q=0.38 det=0.36 -> - 0.00
  f  117 9x4 q=0.41 det=0.34 -> - 0.00
  f  118 18x5 q=0.42 det=0.31 -> - 0.00
  f  119 17x5 q=0.41 det=0.30 -> - 0.00
  f  120 23x5 q=0.47 det=0.31 -> - 0.00
FINAL: KP467966  status CANDIDATE  confidence 0.0  readers_disagree  emitted: no

[CAM01] Vehicle ID: cam01_s0_t32 (truck)
Track duration: 1.8 s  frames 170-215
Plate candidates: 1  best frame: 175  plate size: 14x6  quality: 0.449
OCR (per candidate, first 40):
  f  175 11x4 q=0.45 det=0.28 -> - 0.00
FINAL: -  status UNREADABLE  confidence 0.0  width_below_gate:14<22  emitted: no

[CAM01] Vehicle ID: cam01_s0_t7 (truck)
Track duration: 7.0 s  frames 45-220
Plate candidates: 54  best frame: 45  plate size: 47x16  quality: 0.558
OCR (per candidate, first 40):
  f   45 38x11 q=0.56 det=0.46 -> - 0.00
  f   46 38x11 q=0.56 det=0.45 -> - 0.00
  f   47 38x10 q=0.55 det=0.43 -> - 0.00
  f   48 21x10 q=0.45 det=0.46 -> - 0.00
  f   49 18x10 q=0.42 det=0.45 -> - 0.00
  f   50 20x10 q=0.47 det=0.43 -> - 0.00
  f   51 38x11 q=0.52 det=0.43 -> - 0.00
  f   52 17x9 q=0.37 det=0.47 -> - 0.00
  f   53 18x8 q=0.31 det=0.43 -> - 0.00
  f   54 38x10 q=0.50 det=0.41 -> - 0.00
  f   55 22x7 q=0.37 det=0.44 -> - 0.00
  f   56 20x7 q=0.36 det=0.41 -> - 0.00
  f   57 17x7 q=0.35 det=0.36 -> - 0.00
  f   58 18x8 q=0.36 det=0.43 -> - 0.00
  f   59 17x8 q=0.35 det=0.44 -> - 0.00
  f   60 22x8 q=0.38 det=0.44 -> - 0.00
  f   61 21x8 q=0.36 det=0.43 -> - 0.00
  f   62 20x8 q=0.35 det=0.37 -> - 0.00
  f   63 32x9 q=0.46 det=0.36 -> - 0.00
  f   64 14x5 q=0.29 det=0.22 -> - 0.00
  f   65 62x14 q=0.75 det=0.16 -> - 0.00
  f   66 31x9 q=0.46 det=0.32 -> - 0.00
  f   67 29x9 q=0.44 det=0.31 -> - 0.00
  f   70 9x4 q=0.27 det=0.15 -> - 0.00
  f   71 20x3 q=0.44 det=0.21 -> - 0.00
  f   72 9x6 q=0.35 det=0.24 -> - 0.00
  f   73 33x8 q=0.46 det=0.33 -> - 0.00
  f   74 33x8 q=0.46 det=0.33 -> - 0.00
  f   75 28x8 q=0.41 det=0.30 -> - 0.00
  f   76 27x8 q=0.42 det=0.31 -> - 0.00
  f   77 29x8 q=0.41 det=0.33 -> - 0.00
  f   78 30x6 q=0.46 det=0.44 -> - 0.00
  f   79 29x8 q=0.44 det=0.46 -> - 0.00
  f   80 27x8 q=0.41 det=0.42 -> - 0.00
  f   81 27x8 q=0.40 det=0.41 -> - 0.00
  f   82 29x7 q=0.43 det=0.39 -> - 0.00
  f   83 30x6 q=0.48 det=0.37 -> - 0.00
  f   84 30x6 q=0.48 det=0.37 -> - 0.00
  f   85 30x6 q=0.47 det=0.34 -> - 0.00
  f   87 23x6 q=0.42 det=0.35 -> - 0.00
FINAL: MH067677  status CANDIDATE  confidence 0.0004  readers_disagree  emitted: no

[CAM01] Vehicle ID: cam01_s0_t73 (truck)
Track duration: 0.8 s  frames 375-395
Plate candidates: 3  best frame: 385  plate size: 16x9  quality: 0.437
OCR (per candidate, first 40):
  f  380 9x9 q=0.34 det=0.30 -> - 0.00
  f  385 13x6 q=0.44 det=0.11 -> - 0.00
  f  390 12x6 q=0.36 det=0.10 -> - 0.00
FINAL: -  status UNREADABLE  confidence 0.0  width_below_gate:16<22  emitted: no

[CAM01] Vehicle ID: cam01_s0_t84 (truck)
Track duration: 3.0 s  frames 395-469
Plate candidates: 4  best frame: 405  plate size: 33x6  quality: 0.458
OCR (per candidate, first 40):
  f  395 23x5 q=0.34 det=0.24 -> - 0.00
  f  400 22x6 q=0.42 det=0.38 -> - 0.00
  f  405 27x5 q=0.46 det=0.31 -> - 0.00
  f  410 24x11 q=0.37 det=0.12 -> - 0.00
FINAL: -  status UNREADABLE  confidence 0.0  height_below_gate:6<8  emitted: no

[CAM01] Vehicle ID: cam01_s0_t49 (truck)
Track duration: 9.0 s  frames 285-510
Plate candidates: 6  best frame: 315  plate size: 94x40  quality: 0.81
OCR (per candidate, first 40):
  f  285 10x8 q=0.41 det=0.10 -> - 0.00
  f  300 11x4 q=0.35 det=0.12 -> - 0.00
  f  305 9x9 q=0.40 det=0.26 -> - 0.00
  f  315 76x27 q=0.81 det=0.25 -> - 0.00
  f  320 8x7 q=0.40 det=0.19 -> - 0.00
  f  325 71x35 q=0.86 det=0.06 -> - 0.00
FINAL: GJ11P1133  status CANDIDATE  confidence 0.0  readers_disagree  emitted: no

[CAM01] Vehicle ID: cam01_s0_t121 (truck)
Track duration: 2.3 s  frames 540-597
Plate candidates: 42  best frame: 567  plate size: 17x5  quality: 0.458
OCR (per candidate, first 40):
  f  540 17x11 q=0.37 det=0.37 -> - 0.00
  f  541 17x11 q=0.37 det=0.35 -> - 0.00
  f  542 17x11 q=0.37 det=0.34 -> - 0.00
  f  543 16x11 q=0.36 det=0.33 -> - 0.00
  f  544 13x11 q=0.38 det=0.42 -> - 0.00
  f  545 12x11 q=0.36 det=0.42 -> - 0.00
  f  546 16x11 q=0.42 det=0.40 -> - 0.00
  f  547 14x11 q=0.41 det=0.41 -> - 0.00
  f  548 16x11 q=0.39 det=0.42 -> - 0.00
  f  549 20x11 q=0.43 det=0.39 -> - 0.00
  f  550 14x10 q=0.36 det=0.39 -> - 0.00
  f  551 15x9 q=0.38 det=0.36 -> - 0.00
  f  552 14x9 q=0.40 det=0.37 -> - 0.00
  f  553 15x4 q=0.38 det=0.36 -> - 0.00
  f  554 14x3 q=0.38 det=0.36 -> - 0.00
  f  555 11x9 q=0.30 det=0.41 -> - 0.00
  f  556 10x8 q=0.30 det=0.39 -> - 0.00
  f  557 23x6 q=0.47 det=0.39 -> - 0.00
  f  558 11x4 q=0.45 det=0.39 -> - 0.00
  f  559 24x6 q=0.46 det=0.41 -> - 0.00
  f  560 10x4 q=0.45 det=0.44 -> - 0.00
  f  561 11x4 q=0.45 det=0.41 -> - 0.00
  f  562 9x4 q=0.45 det=0.39 -> - 0.00
  f  563 11x3 q=0.45 det=0.39 -> - 0.00
  f  564 19x4 q=0.38 det=0.48 -> - 0.00
  f  565 20x5 q=0.36 det=0.45 -> - 0.00
  f  566 22x4 q=0.39 det=0.46 -> - 0.00
  f  567 13x3 q=0.46 det=0.43 -> - 0.00
  f  568 21x4 q=0.37 det=0.42 -> - 0.00
  f  569 16x5 q=0.43 det=0.40 -> - 0.00
  f  570 22x5 q=0.35 det=0.40 -> - 0.00
  f  571 10x4 q=0.36 det=0.48 -> - 0.00
  f  572 9x4 q=0.37 det=0.43 -> - 0.00
  f  573 10x4 q=0.35 det=0.44 -> - 0.00
  f  574 11x5 q=0.36 det=0.43 -> - 0.00
  f  575 12x5 q=0.38 det=0.42 -> - 0.00
  f  580 13x4 q=0.39 det=0.41 -> - 0.00
  f  581 13x5 q=0.39 det=0.39 -> - 0.00
  f  582 13x4 q=0.39 det=0.40 -> - 0.00
  f  583 13x4 q=0.40 det=0.37 -> - 0.00
FINAL: -  status UNREADABLE  confidence 0.0  width_below_gate:17<22  emitted: no

[CAM01] Vehicle ID: cam01_s0_t122 (truck)
Track duration: 3.0 s  frames 541-616
Plate candidates: 35  best frame: 549  plate size: 23x9  quality: 0.49
OCR (per candidate, first 40):
  f  541 20x8 q=0.45 det=0.33 -> - 0.00
  f  542 19x8 q=0.43 det=0.35 -> - 0.00
  f  543 20x7 q=0.45 det=0.40 -> - 0.00
  f  544 19x7 q=0.45 det=0.41 -> - 0.00
  f  545 19x7 q=0.45 det=0.48 -> - 0.00
  f  546 19x7 q=0.46 det=0.48 -> - 0.00
  f  547 18x7 q=0.45 det=0.44 -> - 0.00
  f  548 19x6 q=0.44 det=0.50 -> - 0.00
  f  549 18x6 q=0.49 det=0.51 -> - 0.00
  f  550 18x6 q=0.41 det=0.49 -> - 0.00
  f  551 18x7 q=0.42 det=0.48 -> - 0.00
  f  552 18x6 q=0.47 det=0.48 -> - 0.00
  f  553 18x6 q=0.39 det=0.49 -> - 0.00
  f  554 18x6 q=0.40 det=0.49 -> - 0.00
  f  555 18x6 q=0.41 det=0.49 -> - 0.00
  f  556 18x6 q=0.42 det=0.48 -> - 0.00
  f  557 17x6 q=0.34 det=0.49 -> - 0.00
  f  558 17x6 q=0.40 det=0.47 -> - 0.00
  f  559 17x6 q=0.40 det=0.48 -> - 0.00
  f  560 16x6 q=0.40 det=0.47 -> - 0.00
  f  561 16x6 q=0.33 det=0.45 -> - 0.00
  f  562 16x6 q=0.41 det=0.44 -> - 0.00
  f  563 16x5 q=0.42 det=0.45 -> - 0.00
  f  564 16x5 q=0.42 det=0.45 -> - 0.00
  f  565 15x5 q=0.42 det=0.45 -> - 0.00
  f  566 15x5 q=0.42 det=0.42 -> - 0.00
  f  567 16x5 q=0.40 det=0.44 -> - 0.00
  f  568 15x5 q=0.38 det=0.43 -> - 0.00
  f  569 15x5 q=0.38 det=0.43 -> - 0.00
  f  570 14x5 q=0.39 det=0.48 -> - 0.00
  f  571 14x4 q=0.39 det=0.48 -> - 0.00
  f  572 14x4 q=0.39 det=0.45 -> - 0.00
  f  573 14x4 q=0.38 det=0.47 -> - 0.00
  f  574 14x5 q=0.38 det=0.45 -> - 0.00
  f  575 14x5 q=0.39 det=0.41 -> - 0.00
FINAL: GJ07Q07  status CANDIDATE  confidence 0.0  readers_disagree  emitted: no

[CAM01] Vehicle ID: cam01_s0_t136 (truck)
Track duration: 0.4 s  frames 606-616
Plate candidates: 11  best frame: 614  plate size: 36x17  quality: 0.488
OCR (per candidate, first 40):
  f  606 10x4 q=0.42 det=0.31 -> - 0.00
  f  607 9x3 q=0.43 det=0.31 -> - 0.00
  f  608 30x12 q=0.49 det=0.34 -> - 0.00
  f  609 30x12 q=0.49 det=0.35 -> - 0.00
  f  610 31x12 q=0.50 det=0.34 -> - 0.00
  f  611 30x12 q=0.50 det=0.34 -> - 0.00
  f  612 30x12 q=0.49 det=0.33 -> - 0.00
  f  613 29x11 q=0.48 det=0.39 -> - 0.00
  f  614 29x11 q=0.49 det=0.38 -> - 0.00
  f  615 28x10 q=0.46 det=0.35 -> - 0.00
  f  616 28x11 q=0.47 det=0.34 -> - 0.00
FINAL: GJ22C81  status CANDIDATE  confidence 0.0  readers_disagree  emitted: no

[CAM01] Vehicle ID: cam01_s0_t106 (car)
Track duration: 6.2 s  frames 465-620
Plate candidates: 21  best frame: 473  plate size: 15x9  quality: 0.462
OCR (per candidate, first 40):
  f  465 10x4 q=0.40 det=0.35 -> - 0.00
  f  466 10x4 q=0.40 det=0.35 -> - 0.00
  f  467 8x6 q=0.45 det=0.37 -> - 0.00
  f  468 8x6 q=0.41 det=0.28 -> - 0.00
  f  469 8x6 q=0.41 det=0.27 -> - 0.00
  f  470 26x13 q=0.51 det=0.29 -> - 0.00
  f  471 9x7 q=0.39 det=0.35 -> - 0.00
  f  472 10x6 q=0.38 det=0.39 -> - 0.00
  f  473 12x6 q=0.46 det=0.41 -> - 0.00
  f  474 12x6 q=0.46 det=0.41 -> - 0.00
  f  475 22x11 q=0.48 det=0.30 -> - 0.00
  f  476 22x11 q=0.48 det=0.30 -> - 0.00
  f  477 11x8 q=0.37 det=0.32 -> - 0.00
  f  478 8x3 q=0.41 det=0.28 -> - 0.00
  f  479 20x13 q=0.45 det=0.21 -> - 0.00
  f  480 10x8 q=0.34 det=0.30 -> - 0.00
  f  481 10x8 q=0.36 det=0.30 -> - 0.00
  f  482 10x8 q=0.35 det=0.28 -> - 0.00
  f  483 19x11 q=0.41 det=0.22 -> - 0.00
  f  495 10x8 q=0.40 det=0.10 -> - 0.00
  f  496 10x8 q=0.40 det=0.18 -> - 0.00
FINAL: -  status UNREADABLE  confidence 0.0  width_below_gate:15<22  emitted: no

[CAM01] Vehicle ID: cam01_s0_t130 (truck)
Track duration: 3.2 s  frames 574-654
Plate candidates: 27  best frame: 591  plate size: 128x154  quality: 0.986
OCR (per candidate, first 40):
  f  574 10x5 q=0.46 det=0.31 -> - 0.00
  f  575 10x6 q=0.46 det=0.33 -> - 0.00
  f  580 9x5 q=0.45 det=0.38 -> - 0.00
  f  581 9x6 q=0.45 det=0.37 -> - 0.00
  f  585 112x95 q=0.99 det=0.05 -> - 0.00
  f  586 113x95 q=0.99 det=0.04 -> - 0.00
  f  587 111x98 q=0.98 det=0.04 -> - 0.00
  f  588 108x101 q=0.98 det=0.05 -> - 0.00
  f  589 108x100 q=0.98 det=0.05 -> - 0.00
  f  590 103x102 q=0.98 det=0.05 -> - 0.00
  f  591 103x103 q=0.99 det=0.05 -> - 0.00
  f  593 98x98 q=0.91 det=0.05 -> - 0.00
  f  594 99x98 q=0.91 det=0.04 -> - 0.00
  f  595 95x95 q=0.91 det=0.04 -> - 0.00
  f  596 95x95 q=0.90 det=0.03 -> - 0.00
  f  597 94x93 q=0.88 det=0.03 -> - 0.00
  f  598 24x5 q=0.48 det=0.35 -> - 0.00
  f  599 18x5 q=0.43 det=0.34 -> - 0.00
  f  600 24x5 q=0.48 det=0.32 -> - 0.00
  f  601 18x5 q=0.44 det=0.32 -> - 0.00
  f  602 18x5 q=0.43 det=0.32 -> - 0.00
  f  603 16x4 q=0.38 det=0.35 -> - 0.00
  f  604 16x5 q=0.39 det=0.34 -> - 0.00
  f  605 15x4 q=0.39 det=0.37 -> - 0.00
  f  606 15x4 q=0.39 det=0.38 -> - 0.00
  f  607 14x4 q=0.36 det=0.36 -> - 0.00
  f  608 16x4 q=0.36 det=0.38 -> - 0.00
FINAL: GJ12MR57  status CANDIDATE  confidence 0.0002  no_glyph_evidence:2  emitted: no

[CAM01] Vehicle ID: cam01_s0_t143 (truck)
Track duration: 2.9 s  frames 640-713
Plate candidates: 44  best frame: 643  plate size: 42x9  quality: 0.525
OCR (per candidate, first 40):
  f  640 36x6 q=0.47 det=0.34 -> - 0.00
  f  641 34x6 q=0.51 det=0.35 -> - 0.00
  f  642 37x6 q=0.53 det=0.34 -> - 0.00
  f  643 34x6 q=0.53 det=0.39 -> - 0.00
  f  644 34x6 q=0.53 det=0.38 -> - 0.00
  f  645 33x6 q=0.52 det=0.37 -> - 0.00
  f  646 32x6 q=0.52 det=0.37 -> - 0.00
  f  647 32x6 q=0.51 det=0.35 -> - 0.00
  f  648 25x4 q=0.37 det=0.40 -> - 0.00
  f  649 24x5 q=0.44 det=0.39 -> - 0.00
  f  650 23x4 q=0.35 det=0.38 -> - 0.00
  f  651 23x4 q=0.39 det=0.37 -> - 0.00
  f  652 22x4 q=0.36 det=0.38 -> - 0.00
  f  653 21x4 q=0.35 det=0.38 -> - 0.00
  f  654 14x4 q=0.46 det=0.43 -> - 0.00
  f  655 12x3 q=0.41 det=0.39 -> - 0.00
  f  656 21x4 q=0.38 det=0.37 -> - 0.00
  f  657 20x4 q=0.37 det=0.38 -> - 0.00
  f  658 20x4 q=0.39 det=0.37 -> - 0.00
  f  659 20x4 q=0.39 det=0.37 -> - 0.00
  f  660 19x4 q=0.38 det=0.39 -> - 0.00
  f  661 19x3 q=0.39 det=0.37 -> - 0.00
  f  662 19x4 q=0.34 det=0.38 -> - 0.00
  f  663 17x3 q=0.35 det=0.36 -> - 0.00
  f  664 16x3 q=0.36 det=0.36 -> - 0.00
  f  665 16x3 q=0.39 det=0.35 -> - 0.00
  f  666 16x3 q=0.35 det=0.34 -> - 0.00
  f  668 20x7 q=0.41 det=0.16 -> - 0.00
  f  669 20x7 q=0.42 det=0.15 -> - 0.00
  f  670 11x4 q=0.45 det=0.18 -> - 0.00
  f  671 19x6 q=0.47 det=0.14 -> - 0.00
  f  672 10x4 q=0.45 det=0.15 -> - 0.00
  f  673 13x4 q=0.46 det=0.39 -> - 0.00
  f  674 19x6 q=0.47 det=0.16 -> - 0.00
  f  675 29x9 q=0.55 det=0.14 -> - 0.00
  f  676 12x4 q=0.42 det=0.30 -> - 0.00
  f  680 13x6 q=0.37 det=0.35 -> - 0.00
  f  685 12x3 q=0.46 det=0.40 -> - 0.00
  f  690 25x5 q=0.48 det=0.32 -> - 0.00
  f  695 11x4 q=0.43 det=0.34 -> - 0.00
FINAL: GJ22C2177  status CANDIDATE  confidence 0.0  readers_disagree  emitted: no

[CAM01] Vehicle ID: cam01_s0_t158 (car)
Track duration: 5.2 s  frames 710-840
Plate candidates: 53  best frame: 728  plate size: 102x27  quality: 0.966
OCR (per candidate, first 40):
  f  710 9x4 q=0.45 det=0.49 -> - 0.00
  f  711 9x4 q=0.45 det=0.48 -> - 0.00
  f  712 10x4 q=0.45 det=0.47 -> - 0.00
  f  713 10x7 q=0.40 det=0.38 -> - 0.00
  f  714 10x6 q=0.39 det=0.39 -> - 0.00
  f  715 14x6 q=0.47 det=0.44 -> - 0.00
  f  716 14x6 q=0.47 det=0.43 -> - 0.00
  f  717 12x7 q=0.40 det=0.42 -> - 0.00
  f  718 26x24 q=0.50 det=0.15 -> - 0.00
  f  719 26x25 q=0.49 det=0.14 -> - 0.00
  f  722 15x4 q=0.45 det=0.52 -> - 0.00
  f  723 26x20 q=0.50 det=0.17 -> - 0.00
  f  724 26x21 q=0.51 det=0.17 -> - 0.00
  f  725 15x4 q=0.45 det=0.24 -> - 0.00
  f  726 10x4 q=0.44 det=0.24 -> - 0.00
  f  727 10x6 q=0.38 det=0.35 -> - 0.00
  f  728 83x18 q=0.97 det=0.47 -> - 0.00
  f  729 83x18 q=0.97 det=0.47 -> - 0.00
  f  730 80x18 q=0.96 det=0.46 -> - 0.00
  f  731 80x18 q=0.96 det=0.43 -> - 0.00
  f  732 80x17 q=0.97 det=0.45 -> - 0.00
  f  733 80x17 q=0.96 det=0.44 -> - 0.00
  f  734 9x8 q=0.41 det=0.43 -> - 0.00
  f  735 9x4 q=0.42 det=0.42 -> - 0.00
  f  736 9x4 q=0.42 det=0.43 -> - 0.00
  f  737 14x5 q=0.45 det=0.42 -> - 0.00
  f  738 11x4 q=0.45 det=0.45 -> - 0.00
  f  739 11x4 q=0.45 det=0.45 -> - 0.00
  f  740 9x5 q=0.41 det=0.44 -> - 0.00
  f  741 10x4 q=0.42 det=0.44 -> - 0.00
  f  742 8x4 q=0.45 det=0.45 -> - 0.00
  f  743 10x8 q=0.41 det=0.31 -> - 0.00
  f  744 10x8 q=0.43 det=0.30 -> - 0.00
  f  745 8x4 q=0.32 det=0.27 -> - 0.00
  f  747 26x8 q=0.40 det=0.26 -> - 0.00
  f  750 10x5 q=0.44 det=0.38 -> - 0.00
  f  751 10x5 q=0.44 det=0.37 -> - 0.00
  f  754 34x7 q=0.50 det=0.33 -> - 0.00
  f  755 27x6 q=0.43 det=0.34 -> - 0.00
  f  760 24x8 q=0.37 det=0.29 -> - 0.00
FINAL: GJ112557  status CANDIDATE  confidence 0.0  readers_disagree  emitted: no

[CAM01] Vehicle ID: cam01_s0_t168 (truck)
Track duration: 3.0 s  frames 764-840
Plate candidates: 2  best frame: 764  plate size: 25x6  quality: 0.451
OCR (per candidate, first 40):
  f  764 20x4 q=0.45 det=0.33 -> - 0.00
  f  840 14x5 q=0.41 det=0.27 -> - 0.00
FINAL: -  status UNREADABLE  confidence 0.0  height_below_gate:6<8  emitted: no

[CAM01] Vehicle ID: cam01_s0_t167 (truck)
Track duration: 4.2 s  frames 754-860
Plate candidates: 3  best frame: 855  plate size: 27x11  quality: 0.456
OCR (per candidate, first 40):
  f  754 9x5 q=0.43 det=0.28 -> - 0.00
  f  855 21x7 q=0.46 det=0.27 -> - 0.00
  f  860 19x7 q=0.43 det=0.27 -> - 0.00
FINAL: -  status UNREADABLE  confidence 0.0  sharpness_below_gate:3.3<8.0  emitted: no

[CAM01] Vehicle ID: cam01_s0_t185 (truck)
Track duration: 4.6 s  frames 855-970
Plate candidates: 1  best frame: 855  plate size: 10x9  quality: 0.415
OCR (per candidate, first 40):
  f  855 8x6 q=0.41 det=0.23 -> - 0.00
FINAL: -  status UNREADABLE  confidence 0.0  width_below_gate:10<22  emitted: no

[CAM01] Vehicle ID: cam01_s0_t225 (truck)
Track duration: 0.6 s  frames 1052-1067
Plate candidates: 15  best frame: 1064  plate size: 30x16  quality: 0.511
OCR (per candidate, first 40):
  f 1052 9x4 q=0.39 det=0.23 -> - 0.00
  f 1053 9x5 q=0.37 det=0.22 -> - 0.00
  f 1054 12x6 q=0.38 det=0.45 -> - 0.00
  f 1055 13x6 q=0.40 det=0.45 -> - 0.00
  f 1057 11x5 q=0.41 det=0.37 -> - 0.00
  f 1058 9x6 q=0.42 det=0.33 -> - 0.00
  f 1059 24x12 q=0.50 det=0.32 -> - 0.00
  f 1060 24x11 q=0.50 det=0.35 -> - 0.00
  f 1061 25x12 q=0.50 det=0.29 -> - 0.00
  f 1062 25x11 q=0.50 det=0.32 -> - 0.00
  f 1063 24x12 q=0.50 det=0.31 -> - 0.00
  f 1064 24x10 q=0.51 det=0.34 -> - 0.00
  f 1065 24x10 q=0.51 det=0.34 -> - 0.00
  f 1066 10x4 q=0.43 det=0.45 -> - 0.00
  f 1067 9x5 q=0.45 det=0.45 -> - 0.00
FINAL: -  status UNREADABLE  confidence 0.0  sharpness_below_gate:6.0<8.0  emitted: no

[CAM01] Vehicle ID: cam01_s0_t54 (truck)
Track duration: 32.7 s  frames 305-1123
Plate candidates: 372  best frame: 1051  plate size: 37x18  quality: 0.53
OCR (per candidate, first 40):
  f  305 22x8 q=0.41 det=0.37 -> - 0.00
  f  310 20x15 q=0.44 det=0.39 -> - 0.00
  f  315 22x8 q=0.41 det=0.36 -> - 0.00
  f  320 22x8 q=0.41 det=0.36 -> - 0.00
  f  325 21x8 q=0.41 det=0.36 -> - 0.00
  f  330 12x6 q=0.39 det=0.36 -> - 0.00
  f  335 12x6 q=0.44 det=0.36 -> - 0.00
  f  340 12x6 q=0.44 det=0.36 -> - 0.00
  f  345 12x6 q=0.44 det=0.35 -> - 0.00
  f  350 22x8 q=0.40 det=0.36 -> - 0.00
  f  355 12x6 q=0.45 det=0.34 -> - 0.00
  f  360 22x8 q=0.39 det=0.37 -> - 0.00
  f  365 22x8 q=0.39 det=0.37 -> - 0.00
  f  370 22x8 q=0.39 det=0.36 -> - 0.00
  f  375 22x8 q=0.39 det=0.36 -> - 0.00
  f  380 22x8 q=0.39 det=0.36 -> - 0.00
  f  385 22x8 q=0.39 det=0.36 -> - 0.00
  f  390 22x8 q=0.39 det=0.36 -> - 0.00
  f  395 22x8 q=0.39 det=0.36 -> - 0.00
  f  400 22x9 q=0.38 det=0.37 -> - 0.00
  f  405 23x9 q=0.40 det=0.40 -> - 0.00
  f  410 23x9 q=0.39 det=0.40 -> - 0.00
  f  415 23x9 q=0.40 det=0.41 -> - 0.00
  f  420 23x9 q=0.40 det=0.37 -> - 0.00
  f  425 23x9 q=0.40 det=0.39 -> - 0.00
  f  430 23x9 q=0.38 det=0.43 -> - 0.00
  f  435 23x9 q=0.38 det=0.42 -> - 0.00
  f  440 23x9 q=0.38 det=0.42 -> - 0.00
  f  445 23x9 q=0.38 det=0.42 -> - 0.00
  f  450 23x9 q=0.43 det=0.45 -> - 0.00
  f  455 22x9 q=0.41 det=0.45 -> - 0.00
  f  460 23x9 q=0.40 det=0.43 -> - 0.00
  f  465 23x8 q=0.43 det=0.45 -> - 0.00
  f  466 23x9 q=0.40 det=0.42 -> - 0.00
  f  467 23x8 q=0.43 det=0.45 -> - 0.00
  f  468 23x8 q=0.42 det=0.45 -> - 0.00
  f  469 23x8 q=0.42 det=0.45 -> - 0.00
  f  470 23x9 q=0.42 det=0.45 -> - 0.00
  f  471 23x9 q=0.42 det=0.45 -> - 0.00
  f  472 23x9 q=0.42 det=0.44 -> - 0.00
FINAL: GJ017713  status CANDIDATE  confidence 0.0  readers_disagree  emitted: no

[CAM01] Vehicle ID: cam01_s0_t216 (truck)
Track duration: 4.9 s  frames 1000-1123
Plate candidates: 49  best frame: 1035  plate size: 22x8  quality: 0.491
OCR (per candidate, first 40):
  f 1000 15x7 q=0.42 det=0.33 -> - 0.00
  f 1001 15x7 q=0.42 det=0.37 -> - 0.00
  f 1002 15x7 q=0.42 det=0.36 -> - 0.00
  f 1003 15x7 q=0.38 det=0.38 -> - 0.00
  f 1004 16x7 q=0.36 det=0.36 -> - 0.00
  f 1005 16x7 q=0.36 det=0.41 -> - 0.00
  f 1006 16x6 q=0.37 det=0.35 -> - 0.00
  f 1007 16x7 q=0.37 det=0.40 -> - 0.00
  f 1008 16x7 q=0.37 det=0.39 -> - 0.00
  f 1009 16x7 q=0.38 det=0.39 -> - 0.00
  f 1010 16x7 q=0.38 det=0.41 -> - 0.00
  f 1011 16x7 q=0.39 det=0.37 -> - 0.00
  f 1012 16x7 q=0.39 det=0.37 -> - 0.00
  f 1013 16x7 q=0.38 det=0.38 -> - 0.00
  f 1014 15x7 q=0.37 det=0.36 -> - 0.00
  f 1015 14x7 q=0.37 det=0.36 -> - 0.00
  f 1016 14x7 q=0.38 det=0.35 -> - 0.00
  f 1017 15x7 q=0.39 det=0.35 -> - 0.00
  f 1018 20x6 q=0.46 det=0.33 -> - 0.00
  f 1019 20x6 q=0.47 det=0.30 -> - 0.00
  f 1020 12x4 q=0.43 det=0.26 -> - 0.00
  f 1021 11x5 q=0.41 det=0.25 -> - 0.00
  f 1022 14x7 q=0.36 det=0.14 -> - 0.00
  f 1023 19x6 q=0.47 det=0.30 -> - 0.00
  f 1024 12x4 q=0.42 det=0.15 -> - 0.00
  f 1025 12x4 q=0.42 det=0.30 -> - 0.00
  f 1026 12x4 q=0.39 det=0.16 -> - 0.00
  f 1027 12x4 q=0.40 det=0.16 -> - 0.00
  f 1028 21x5 q=0.50 det=0.16 -> - 0.00
  f 1029 20x6 q=0.45 det=0.15 -> - 0.00
  f 1030 19x6 q=0.49 det=0.15 -> - 0.00
  f 1031 18x5 q=0.48 det=0.15 -> - 0.00
  f 1032 18x5 q=0.48 det=0.15 -> - 0.00
  f 1033 18x5 q=0.44 det=0.16 -> - 0.00
  f 1034 18x5 q=0.49 det=0.36 -> - 0.00
  f 1035 18x5 q=0.49 det=0.37 -> - 0.00
  f 1036 18x5 q=0.49 det=0.17 -> - 0.00
  f 1037 18x6 q=0.49 det=0.17 -> - 0.00
  f 1038 18x5 q=0.46 det=0.18 -> - 0.00
  f 1039 18x5 q=0.49 det=0.16 -> - 0.00
FINAL: -  status UNREADABLE  confidence 0.0  sharpness_below_gate:2.8<8.0  emitted: no

[CAM01] Vehicle ID: cam01_s0_t218 (car)
Track duration: 4.6 s  frames 1007-1122
Plate candidates: 2  best frame: 1122  plate size: 17x6  quality: 0.458
OCR (per candidate, first 40):
  f 1121 14x4 q=0.45 det=0.33 -> - 0.00
  f 1122 14x4 q=0.46 det=0.34 -> - 0.00
FINAL: -  status UNREADABLE  confidence 0.0  width_below_gate:17<22  emitted: no

[CAM01] Vehicle ID: cam01_s0_t221 (truck)
Track duration: 1.9 s  frames 1030-1078
Plate candidates: 49  best frame: 1061  plate size: 13x5  quality: 0.453
OCR (per candidate, first 40):
  f 1030 11x5 q=0.44 det=0.36 -> - 0.00
  f 1031 11x5 q=0.45 det=0.35 -> - 0.00
  f 1032 11x5 q=0.45 det=0.36 -> - 0.00
  f 1033 10x5 q=0.45 det=0.36 -> - 0.00
  f 1034 10x5 q=0.45 det=0.34 -> - 0.00
  f 1035 11x5 q=0.44 det=0.34 -> - 0.00
  f 1036 10x5 q=0.44 det=0.34 -> - 0.00
  f 1037 11x5 q=0.44 det=0.34 -> - 0.00
  f 1038 10x5 q=0.44 det=0.34 -> - 0.00
  f 1039 10x5 q=0.44 det=0.34 -> - 0.00
  f 1040 10x5 q=0.44 det=0.34 -> - 0.00
  f 1041 10x5 q=0.45 det=0.35 -> - 0.00
  f 1042 10x5 q=0.44 det=0.34 -> - 0.00
  f 1043 10x5 q=0.44 det=0.36 -> - 0.00
  f 1044 10x5 q=0.44 det=0.34 -> - 0.00
  f 1045 10x5 q=0.44 det=0.36 -> - 0.00
  f 1046 11x5 q=0.44 det=0.33 -> - 0.00
  f 1047 10x5 q=0.44 det=0.35 -> - 0.00
  f 1048 10x4 q=0.45 det=0.41 -> - 0.00
  f 1049 10x4 q=0.45 det=0.46 -> - 0.00
  f 1050 10x4 q=0.45 det=0.48 -> - 0.00
  f 1051 10x4 q=0.45 det=0.51 -> - 0.00
  f 1052 10x4 q=0.45 det=0.52 -> - 0.00
  f 1053 10x4 q=0.45 det=0.52 -> - 0.00
  f 1054 10x4 q=0.45 det=0.50 -> - 0.00
  f 1055 10x4 q=0.45 det=0.52 -> - 0.00
  f 1056 10x4 q=0.45 det=0.52 -> - 0.00
  f 1057 10x4 q=0.45 det=0.52 -> - 0.00
  f 1058 10x4 q=0.45 det=0.52 -> - 0.00
  f 1059 15x6 q=0.47 det=0.44 -> - 0.00
  f 1060 14x5 q=0.47 det=0.47 -> - 0.00
  f 1061 10x4 q=0.45 det=0.53 -> - 0.00
  f 1062 10x4 q=0.45 det=0.53 -> - 0.00
  f 1063 11x5 q=0.42 det=0.48 -> - 0.00
  f 1064 10x4 q=0.45 det=0.51 -> - 0.00
  f 1065 10x4 q=0.45 det=0.49 -> - 0.00
  f 1066 10x4 q=0.45 det=0.52 -> - 0.00
  f 1067 10x4 q=0.45 det=0.49 -> - 0.00
  f 1068 10x4 q=0.45 det=0.49 -> - 0.00
  f 1069 10x4 q=0.45 det=0.51 -> - 0.00
FINAL: -  status UNREADABLE  confidence 0.0  width_below_gate:13<22  emitted: no

[CAM01] Vehicle ID: cam01_s0_t231 (truck)
Track duration: 1.4 s  frames 1089-1123
Plate candidates: 32  best frame: 1098  plate size: 67x28  quality: 0.679
OCR (per candidate, first 40):
  f 1089 10x4 q=0.45 det=0.46 -> - 0.00
  f 1090 10x4 q=0.45 det=0.46 -> - 0.00
  f 1091 10x4 q=0.45 det=0.46 -> - 0.00
  f 1095 9x7 q=0.41 det=0.43 -> - 0.00
  f 1096 13x8 q=0.41 det=0.43 -> - 0.00
  f 1097 14x8 q=0.41 det=0.43 -> - 0.00
  f 1098 54x18 q=0.68 det=0.44 -> - 0.00
  f 1099 39x16 q=0.58 det=0.42 -> - 0.00
  f 1100 35x16 q=0.56 det=0.40 -> - 0.00
  f 1101 12x7 q=0.41 det=0.35 -> - 0.00
  f 1102 12x7 q=0.41 det=0.36 -> - 0.00
  f 1103 12x7 q=0.42 det=0.36 -> - 0.00
  f 1104 12x6 q=0.46 det=0.35 -> - 0.00
  f 1105 12x6 q=0.46 det=0.35 -> - 0.00
  f 1106 12x7 q=0.41 det=0.36 -> - 0.00
  f 1107 12x7 q=0.41 det=0.36 -> - 0.00
  f 1108 13x7 q=0.40 det=0.42 -> - 0.00
  f 1109 8x7 q=0.36 det=0.38 -> - 0.00
  f 1110 12x7 q=0.41 det=0.36 -> - 0.00
  f 1111 12x7 q=0.42 det=0.36 -> - 0.00
  f 1112 12x7 q=0.42 det=0.36 -> - 0.00
  f 1113 12x7 q=0.41 det=0.35 -> - 0.00
  f 1114 12x7 q=0.41 det=0.35 -> - 0.00
  f 1115 12x7 q=0.41 det=0.35 -> - 0.00
  f 1116 12x7 q=0.41 det=0.35 -> - 0.00
  f 1117 12x7 q=0.41 det=0.35 -> - 0.00
  f 1118 12x7 q=0.41 det=0.35 -> - 0.00
  f 1119 12x7 q=0.41 det=0.35 -> - 0.00
  f 1120 12x7 q=0.41 det=0.35 -> - 0.00
  f 1121 12x7 q=0.41 det=0.35 -> - 0.00
  f 1122 12x7 q=0.41 det=0.35 -> - 0.00
  f 1123 12x7 q=0.46 det=0.35 -> - 0.00
FINAL: GJ007072  status CANDIDATE  confidence 0.0  readers_disagree  emitted: no
