[CAM12] Vehicle ID: cam12_s0_t5 (car)
Track duration: 4.5 s  frames 102-214
Plate candidates: 40  best frame: 156  plate size: 44x19  quality: 0.589
OCR (per candidate, first 40):
  f  126 32x9 q=0.53 det=0.32 -> GJ01ER3815 0.51
  f  134 34x9 q=0.58 det=0.51 -> - 0.00
  f  136 34x10 q=0.58 det=0.54 -> - 0.00
  f  138 34x10 q=0.60 det=0.73 -> GJ11EE722 0.51
  f  140 36x10 q=0.61 det=0.68 -> GJ03X121 0.51
  f  142 35x12 q=0.56 det=0.72 -> GJ28EX2255 0.57
  f  144 36x12 q=0.58 det=0.76 -> - 0.00
  f  146 36x12 q=0.58 det=0.75 -> - 0.00
  f  148 36x12 q=0.58 det=0.76 -> - 0.00
  f  150 35x12 q=0.59 det=0.77 -> GJ21ER3833 0.50
  f  152 35x12 q=0.57 det=0.77 -> GJ13ER3803 0.54
  f  154 36x12 q=0.59 det=0.77 -> GJ21BR3825 0.52
  f  156 36x12 q=0.59 det=0.78 -> GJ17ES3225 0.59
  f  158 34x11 q=0.57 det=0.74 -> - 0.00
  f  160 36x13 q=0.57 det=0.74 -> - 0.00
  f  162 36x13 q=0.59 det=0.77 -> - 0.00
  f  164 36x12 q=0.58 det=0.79 -> - 0.00
  f  166 35x12 q=0.55 det=0.77 -> - 0.00
  f  168 36x13 q=0.57 det=0.67 -> - 0.00
  f  170 36x13 q=0.57 det=0.66 -> - 0.00
  f  172 36x13 q=0.57 det=0.67 -> - 0.00
  f  174 35x12 q=0.58 det=0.72 -> - 0.00
  f  176 36x12 q=0.58 det=0.66 -> - 0.00
  f  178 36x12 q=0.57 det=0.71 -> - 0.00
  f  180 36x12 q=0.58 det=0.69 -> - 0.00
  f  182 36x13 q=0.57 det=0.66 -> TS27T5302 0.56
  f  184 36x12 q=0.58 det=0.66 -> GJ02TS3825 0.52
  f  186 36x12 q=0.58 det=0.73 -> GJ02TS3825 0.53
  f  188 35x12 q=0.56 det=0.59 -> GJ02TS3027 0.64
  f  190 36x12 q=0.57 det=0.56 -> GJ02CS2623 0.58
  f  192 36x12 q=0.57 det=0.51 -> GJ02CS2227 0.54
  f  194 36x12 q=0.57 det=0.43 -> - 0.00
  f  196 34x11 q=0.55 det=0.52 -> - 0.00
  f  198 34x10 q=0.56 det=0.51 -> - 0.00
  f  200 36x11 q=0.56 det=0.69 -> - 0.00
  f  202 35x11 q=0.57 det=0.72 -> - 0.00
  f  204 36x11 q=0.57 det=0.62 -> - 0.00
  f  206 36x11 q=0.58 det=0.20 -> GJ11TS2072 0.51
  f  208 35x11 q=0.55 det=0.36 -> GJ13C2622 0.54
  f  210 37x11 q=0.57 det=0.23 -> - 0.00
FINAL: GJ02TS3825  status CANDIDATE  confidence 0.0955  too_few_agreeing_frames  emitted: no
