[CAM13] Vehicle ID: cam13_s0_t1 (truck)
Track duration: 1.0 s  frames 0-24
Plate candidates: 25  best frame: 10  plate size: 27x8  quality: 0.511
OCR (per candidate, first 40):
  f    0 16x14 q=0.39 det=0.31 -> - 0.00
  f    1 16x14 q=0.39 det=0.31 -> - 0.00
  f    2 16x14 q=0.44 det=0.32 -> - 0.00
  f    3 17x14 q=0.44 det=0.28 -> - 0.00
  f    4 17x14 q=0.45 det=0.28 -> - 0.00
  f    5 17x13 q=0.39 det=0.28 -> - 0.00
  f    6 17x13 q=0.40 det=0.26 -> - 0.00
  f    7 17x14 q=0.40 det=0.25 -> - 0.00
  f    8 11x3 q=0.46 det=0.33 -> - 0.00
  f    9 12x3 q=0.46 det=0.33 -> - 0.00
  f   10 22x5 q=0.51 det=0.38 -> - 0.00
  f   11 22x5 q=0.44 det=0.38 -> - 0.00
  f   12 21x5 q=0.51 det=0.39 -> - 0.00
  f   13 17x4 q=0.44 det=0.25 -> - 0.00
  f   14 14x14 q=0.42 det=0.23 -> - 0.00
  f   15 33x8 q=0.53 det=0.33 -> - 0.00
  f   16 30x7 q=0.51 det=0.35 -> - 0.00
  f   17 25x6 q=0.50 det=0.31 -> - 0.00
  f   18 24x6 q=0.49 det=0.31 -> - 0.00
  f   19 25x6 q=0.49 det=0.31 -> - 0.00
  f   20 25x6 q=0.49 det=0.32 -> - 0.00
  f   21 25x6 q=0.49 det=0.32 -> - 0.00
  f   22 25x6 q=0.49 det=0.32 -> - 0.00
  f   23 14x14 q=0.41 det=0.33 -> - 0.00
  f   24 14x14 q=0.41 det=0.32 -> - 0.00
FINAL: -  status UNREADABLE  confidence 0.0  sharpness_below_gate:4.1<8.0  emitted: no

[CAM13] Vehicle ID: cam13_s0_t3 (truck)
Track duration: 0.8 s  frames 0-19
Plate candidates: 20  best frame: 16  plate size: 26x7  quality: 0.471
OCR (per candidate, first 40):
  f    0 22x4 q=0.47 det=0.15 -> - 0.00
  f    1 22x4 q=0.47 det=0.15 -> - 0.00
  f    2 22x4 q=0.47 det=0.15 -> - 0.00
  f    3 22x4 q=0.47 det=0.15 -> - 0.00
  f    4 22x4 q=0.47 det=0.15 -> - 0.00
  f    5 22x4 q=0.47 det=0.15 -> - 0.00
  f    6 22x4 q=0.47 det=0.15 -> - 0.00
  f    7 22x4 q=0.47 det=0.15 -> - 0.00
  f    8 22x4 q=0.47 det=0.15 -> - 0.00
  f    9 22x4 q=0.47 det=0.16 -> - 0.00
  f   10 22x4 q=0.47 det=0.15 -> - 0.00
  f   11 22x4 q=0.47 det=0.15 -> - 0.00
  f   12 22x4 q=0.47 det=0.15 -> - 0.00
  f   13 21x4 q=0.47 det=0.16 -> - 0.00
  f   14 21x4 q=0.47 det=0.16 -> - 0.00
  f   15 21x4 q=0.47 det=0.16 -> - 0.00
  f   16 21x4 q=0.47 det=0.16 -> - 0.00
  f   17 10x6 q=0.43 det=0.19 -> - 0.00
  f   18 9x7 q=0.43 det=0.19 -> - 0.00
  f   19 9x7 q=0.43 det=0.19 -> - 0.00
FINAL: -  status UNREADABLE  confidence 0.0  height_below_gate:7<8  emitted: no

[CAM13] Vehicle ID: cam13_s0_t4 (car)
Track duration: 1.0 s  frames 0-24
Plate candidates: 23  best frame: 18  plate size: 32x6  quality: 0.485
OCR (per candidate, first 40):
  f    0 10x4 q=0.39 det=0.32 -> - 0.00
  f    1 10x4 q=0.39 det=0.30 -> - 0.00
  f    2 10x4 q=0.39 det=0.30 -> - 0.00
  f    3 11x4 q=0.40 det=0.29 -> - 0.00
  f    4 8x5 q=0.45 det=0.29 -> - 0.00
  f    5 10x4 q=0.45 det=0.29 -> - 0.00
  f    6 11x4 q=0.40 det=0.28 -> - 0.00
  f    7 11x4 q=0.40 det=0.29 -> - 0.00
  f    8 11x3 q=0.39 det=0.30 -> - 0.00
  f    9 11x3 q=0.39 det=0.31 -> - 0.00
  f   10 10x5 q=0.43 det=0.30 -> - 0.00
  f   11 10x5 q=0.43 det=0.31 -> - 0.00
  f   12 10x5 q=0.43 det=0.31 -> - 0.00
  f   13 11x6 q=0.45 det=0.32 -> - 0.00
  f   14 9x5 q=0.45 det=0.32 -> - 0.00
  f   15 8x5 q=0.45 det=0.35 -> - 0.00
  f   16 8x5 q=0.45 det=0.36 -> - 0.00
  f   17 8x5 q=0.45 det=0.34 -> - 0.00
  f   18 26x4 q=0.48 det=0.42 -> - 0.00
  f   19 26x4 q=0.48 det=0.41 -> - 0.00
  f   20 8x4 q=0.45 det=0.33 -> - 0.00
  f   21 8x6 q=0.45 det=0.33 -> - 0.00
  f   22 8x6 q=0.45 det=0.33 -> - 0.00
FINAL: -  status UNREADABLE  confidence 0.0  height_below_gate:6<8  emitted: no

[CAM13] Vehicle ID: cam13_s0_t5 (car)
Track duration: 0.8 s  frames 4-24
Plate candidates: 20  best frame: 23  plate size: 15x12  quality: 0.416
OCR (per candidate, first 40):
  f    5 14x7 q=0.40 det=0.27 -> - 0.00
  f    6 15x7 q=0.40 det=0.29 -> - 0.00
  f    7 11x3 q=0.41 det=0.30 -> - 0.00
  f    8 16x7 q=0.41 det=0.28 -> - 0.00
  f    9 16x7 q=0.41 det=0.28 -> - 0.00
  f   10 8x8 q=0.29 det=0.32 -> - 0.00
  f   11 13x4 q=0.42 det=0.28 -> - 0.00
  f   12 13x4 q=0.42 det=0.28 -> - 0.00
  f   13 16x4 q=0.42 det=0.30 -> - 0.00
  f   14 8x5 q=0.38 det=0.28 -> - 0.00
  f   15 14x8 q=0.37 det=0.26 -> - 0.00
  f   16 9x4 q=0.35 det=0.23 -> - 0.00
  f   17 8x4 q=0.35 det=0.23 -> - 0.00
  f   18 14x6 q=0.38 det=0.30 -> - 0.00
  f   19 14x6 q=0.38 det=0.31 -> - 0.00
  f   20 15x4 q=0.39 det=0.36 -> - 0.00
  f   21 15x4 q=0.39 det=0.36 -> - 0.00
  f   22 15x4 q=0.39 det=0.36 -> - 0.00
  f   23 13x8 q=0.42 det=0.35 -> - 0.00
  f   24 14x4 q=0.40 det=0.36 -> - 0.00
FINAL: -  status UNREADABLE  confidence 0.0  width_below_gate:15<22  emitted: no

[CAM13] Vehicle ID: cam13_s0_t6 (car)
Track duration: 0.5 s  frames 6-19
Plate candidates: 12  best frame: 17  plate size: 13x9  quality: 0.446
OCR (per candidate, first 40):
  f    6 9x6 q=0.44 det=0.29 -> - 0.00
  f    7 9x6 q=0.44 det=0.28 -> - 0.00
  f   10 10x6 q=0.44 det=0.31 -> - 0.00
  f   11 10x6 q=0.44 det=0.31 -> - 0.00
  f   12 10x6 q=0.44 det=0.32 -> - 0.00
  f   13 10x6 q=0.44 det=0.34 -> - 0.00
  f   14 10x6 q=0.44 det=0.35 -> - 0.00
  f   15 10x6 q=0.43 det=0.44 -> - 0.00
  f   16 10x6 q=0.43 det=0.44 -> - 0.00
  f   17 10x6 q=0.45 det=0.42 -> - 0.00
  f   18 9x6 q=0.44 det=0.38 -> - 0.00
  f   19 9x6 q=0.44 det=0.38 -> - 0.00
FINAL: -  status UNREADABLE  confidence 0.0  width_below_gate:13<22  emitted: no

[CAM13] Vehicle ID: cam13_s0_t11 (truck)
Track duration: 0.5 s  frames 12-24
Plate candidates: 11  best frame: 12  plate size: 27x9  quality: 0.507
OCR (per candidate, first 40):
  f   12 22x6 q=0.51 det=0.35 -> - 0.00
  f   13 14x8 q=0.37 det=0.28 -> - 0.00
  f   14 14x8 q=0.37 det=0.27 -> - 0.00
  f   15 10x4 q=0.26 det=0.26 -> - 0.00
  f   16 17x8 q=0.42 det=0.26 -> - 0.00
  f   17 17x9 q=0.39 det=0.26 -> - 0.00
  f   20 30x6 q=0.49 det=0.32 -> - 0.00
  f   21 30x6 q=0.49 det=0.32 -> - 0.00
  f   22 30x6 q=0.49 det=0.32 -> - 0.00
  f   23 10x8 q=0.39 det=0.29 -> - 0.00
  f   24 10x8 q=0.39 det=0.29 -> - 0.00
FINAL: -  status UNREADABLE  confidence 0.0  sharpness_below_gate:3.5<8.0  emitted: no

[CAM13] Vehicle ID: cam13_s0_t13 (car)
Track duration: 0.0 s  frames 14-14
Plate candidates: 1  best frame: 14  plate size: 19x8  quality: 0.454
OCR (per candidate, first 40):
  f   14 15x5 q=0.45 det=0.27 -> - 0.00
FINAL: -  status UNREADABLE  confidence 0.0  width_below_gate:19<22  emitted: no
