[CAM15] Vehicle ID: cam15_s0_t1 (motorcycle)
Track duration: 0.0 s  frames 0-0
Plate candidates: 1  best frame: 0  plate size: 22x5  quality: 0.433
OCR (per candidate, first 40):
  f    0 17x3 q=0.43 det=0.20 -> - 0.00
FINAL: -  status UNREADABLE  confidence 0.0  height_below_gate:5<8  emitted: no

[CAM15] Vehicle ID: cam15_s0_t2 (motorcycle)
Track duration: 3.2 s  frames 0-80
Plate candidates: 2  best frame: 60  plate size: 15x17  quality: 0.363
OCR (per candidate, first 40):
  f   60 12x11 q=0.36 det=0.17 -> - 0.00
  f   80 12x11 q=0.36 det=0.17 -> - 0.00
FINAL: -  status UNREADABLE  confidence 0.0  width_below_gate:15<22  emitted: no

[CAM15] Vehicle ID: cam15_s0_t3 (motorcycle)
Track duration: 1.6 s  frames 0-40
Plate candidates: 2  best frame: 40  plate size: 21x13  quality: 0.447
OCR (per candidate, first 40):
  f    0 8x3 q=0.44 det=0.14 -> - 0.00
  f   40 17x9 q=0.45 det=0.23 -> - 0.00
FINAL: -  status UNREADABLE  confidence 0.0  width_below_gate:21<22  emitted: no

[CAM15] Vehicle ID: cam15_s0_t9 (car)
Track duration: 0.7 s  frames 120-138
Plate candidates: 19  best frame: 129  plate size: 22x8  quality: 0.492
OCR (per candidate, first 40):
  f  120 17x6 q=0.48 det=0.48 -> - 0.00
  f  121 18x6 q=0.45 det=0.48 -> - 0.00
  f  122 18x6 q=0.48 det=0.49 -> - 0.00
  f  123 18x6 q=0.48 det=0.49 -> - 0.00
  f  124 17x6 q=0.49 det=0.50 -> - 0.00
  f  125 17x6 q=0.49 det=0.50 -> - 0.00
  f  126 18x6 q=0.49 det=0.50 -> - 0.00
  f  127 17x6 q=0.49 det=0.50 -> - 0.00
  f  128 18x6 q=0.49 det=0.50 -> - 0.00
  f  129 18x6 q=0.49 det=0.51 -> - 0.00
  f  130 17x6 q=0.45 det=0.49 -> - 0.00
  f  131 18x6 q=0.48 det=0.49 -> - 0.00
  f  132 18x6 q=0.45 det=0.49 -> - 0.00
  f  133 17x6 q=0.49 det=0.51 -> - 0.00
  f  134 18x6 q=0.48 det=0.49 -> - 0.00
  f  135 17x6 q=0.49 det=0.51 -> - 0.00
  f  136 18x6 q=0.48 det=0.49 -> - 0.00
  f  137 18x6 q=0.48 det=0.49 -> - 0.00
  f  138 17x6 q=0.48 det=0.49 -> - 0.00
FINAL: -  status UNREADABLE  confidence 0.0  sharpness_below_gate:3.8<8.0  emitted: no

[CAM15] Vehicle ID: cam15_s0_t10 (car)
Track duration: 0.3 s  frames 121-129
Plate candidates: 9  best frame: 126  plate size: 21x8  quality: 0.475
OCR (per candidate, first 40):
  f  121 10x6 q=0.43 det=0.40 -> - 0.00
  f  122 10x5 q=0.43 det=0.39 -> - 0.00
  f  123 11x6 q=0.43 det=0.39 -> - 0.00
  f  124 11x6 q=0.43 det=0.40 -> - 0.00
  f  125 11x6 q=0.43 det=0.39 -> - 0.00
  f  126 16x5 q=0.47 det=0.40 -> - 0.00
  f  127 16x6 q=0.47 det=0.37 -> - 0.00
  f  128 16x5 q=0.47 det=0.40 -> - 0.00
  f  129 16x6 q=0.47 det=0.36 -> - 0.00
FINAL: -  status UNREADABLE  confidence 0.0  width_below_gate:21<22  emitted: no
